Command line invocation:
    /Applications/Xcode.app/Contents/Developer/usr/bin/xcodebuild -project FMS.xcodeproj -scheme FMS -sdk iphonesimulator -clonedSourcePackagesDirPath ./SPMCache ONLY_ACTIVE_ARCH=NO

Build settings from command line:
    ONLY_ACTIVE_ARCH = NO
    SDKROOT = iphonesimulator26.4

Resolve Package Graph


Resolved source packages:
  Supabase: https://github.com/supabase/supabase-swift @ 2.46.0
  swift-clocks: https://github.com/pointfreeco/swift-clocks @ 1.0.6
  swift-http-types: https://github.com/apple/swift-http-types.git @ 1.5.1
  swift-asn1: https://github.com/apple/swift-asn1.git @ 1.7.0
  swift-concurrency-extras: https://github.com/pointfreeco/swift-concurrency-extras @ 1.3.2
  xctest-dynamic-overlay: https://github.com/pointfreeco/xctest-dynamic-overlay @ 1.9.0
  swift-crypto: https://github.com/apple/swift-crypto.git @ 4.5.0

2026-06-02 11:12:57.133 xcodebuild[41385:10665847] [MT] IDERunDestination: Supported platforms for the buildables in the current scheme is empty.
--- xcodebuild: WARNING: Using the first of multiple matching destinations:
{ platform:iOS Simulator, id:dvtdevice-DVTiOSDeviceSimulatorPlaceholder-iphonesimulator:placeholder, name:Any iOS Simulator Device }
{ platform:iOS Simulator, arch:arm64, id:053FD006-FBF6-4279-B462-676993DC5BAA, OS:26.0.1, name:iPad (A16) }
{ platform:iOS Simulator, arch:arm64, id:E84CACC4-A9C9-4B41-8B7A-8C515890F44B, OS:26.2, name:iPad (A16) }
{ platform:iOS Simulator, arch:arm64, id:FC3708DB-73D1-4157-976B-8B85B92AE0CA, OS:26.4.1, name:iPad (A16) }
{ platform:iOS Simulator, arch:arm64, id:07095E71-7FE9-4DFE-A347-783A8375DCEB, OS:26.0.1, name:iPad Air 11-inch (M3) }
{ platform:iOS Simulator, arch:arm64, id:980E2686-A5C9-46D8-8994-99F7709BA38D, OS:26.2, name:iPad Air 11-inch (M3) }
{ platform:iOS Simulator, arch:arm64, id:4B93803F-DE53-4BE1-94EE-DDB581A78492, OS:26.4.1, name:iPad Air 11-inch (M4) }
{ platform:iOS Simulator, arch:arm64, id:D746811F-45EE-4921-8968-EF289ACA0BA4, OS:26.0.1, name:iPad Air 13-inch (M3) }
{ platform:iOS Simulator, arch:arm64, id:0952A2E8-E515-480D-998F-C98D5BD8FA6F, OS:26.2, name:iPad Air 13-inch (M3) }
{ platform:iOS Simulator, arch:arm64, id:FD2E169D-393E-48FD-AF5E-7FA0841789D3, OS:26.4.1, name:iPad Air 13-inch (M4) }
{ platform:iOS Simulator, arch:arm64, id:AC2B5F33-6344-400B-A5AF-E7A2346C4CA2, OS:26.0.1, name:iPad Pro 11-inch (M4) }
{ platform:iOS Simulator, arch:arm64, id:D6856EFD-F2AC-4CFF-B494-96990B13B7BD, OS:26.0.1, name:iPad Pro 11-inch (M5) }
{ platform:iOS Simulator, arch:arm64, id:42E962E1-9D07-4E5E-9CC9-C69D52C1AE9B, OS:26.2, name:iPad Pro 11-inch (M5) }
{ platform:iOS Simulator, arch:arm64, id:DDB8A6AD-FC49-4B34-9721-516F725F08A6, OS:26.4.1, name:iPad Pro 11-inch (M5) }
{ platform:iOS Simulator, arch:arm64, id:ACF34126-A1FC-421F-BA99-EEACACDD6A18, OS:26.0.1, name:iPad Pro 13-inch (M4) }
{ platform:iOS Simulator, arch:arm64, id:D2BF51D9-A351-44E4-9510-A4A65516FF74, OS:26.0.1, name:iPad Pro 13-inch (M5) }
{ platform:iOS Simulator, arch:arm64, id:FC0C4FA2-428E-49C4-949A-3DF2F0050A11, OS:26.2, name:iPad Pro 13-inch (M5) }
{ platform:iOS Simulator, arch:arm64, id:C06ED792-EC80-464A-A29A-221E06E573E7, OS:26.4.1, name:iPad Pro 13-inch (M5) }
{ platform:iOS Simulator, arch:arm64, id:C58A6273-2213-45AD-8F20-D0C950A89C9E, OS:26.0.1, name:iPad mini (A17 Pro) }
{ platform:iOS Simulator, arch:arm64, id:6A404BFB-BA2C-41B8-A12D-6BADE758E04A, OS:26.2, name:iPad mini (A17 Pro) }
{ platform:iOS Simulator, arch:arm64, id:E3B720CF-898A-4823-8AE4-A0977C626EAB, OS:26.4.1, name:iPad mini (A17 Pro) }
{ platform:iOS Simulator, arch:arm64, id:EFF380AE-916C-48F5-93FC-87CF6E43F06A, OS:26.0.1, name:iPhone 16e }
{ platform:iOS Simulator, arch:arm64, id:CD3517BC-2326-4CD5-A919-AE9399B598EA, OS:26.2, name:iPhone 16e }
{ platform:iOS Simulator, arch:arm64, id:75989B93-C4D5-444C-A43F-2B22EF273644, OS:26.0.1, name:iPhone 17 }
{ platform:iOS Simulator, arch:arm64, id:AAB241FF-0911-4A99-B019-703C3841D052, OS:26.2, name:iPhone 17 }
{ platform:iOS Simulator, arch:arm64, id:7E210275-1E2F-442C-A04F-6FBF794FD142, OS:26.4.1, name:iPhone 17 }
{ platform:iOS Simulator, arch:arm64, id:3B5F01E9-C770-4CDB-B177-DC3AA85E001F, OS:26.0.1, name:iPhone 17 Pro }
{ platform:iOS Simulator, arch:arm64, id:5B0B58D0-2AD1-463C-B959-39A3436F2C32, OS:26.2, name:iPhone 17 Pro }
{ platform:iOS Simulator, arch:arm64, id:37695291-CC9A-4ACF-8625-95B1857B122E, OS:26.4.1, name:iPhone 17 Pro }
{ platform:iOS Simulator, arch:arm64, id:ADEE800C-EB6B-4831-A735-DFA89664ECC0, OS:26.0.1, name:iPhone 17 Pro Max }
{ platform:iOS Simulator, arch:arm64, id:A2770111-1C16-458B-BF61-0696A1BB9CBC, OS:26.2, name:iPhone 17 Pro Max }
{ platform:iOS Simulator, arch:arm64, id:143BF805-0ACD-43EC-9B39-48DBCF47AC52, OS:26.4.1, name:iPhone 17 Pro Max }
{ platform:iOS Simulator, arch:arm64, id:C5FDD28B-1B44-47C4-8275-B02E5F5F9826, OS:26.4.1, name:iPhone 17e }
{ platform:iOS Simulator, arch:arm64, id:94CF6F43-6573-487E-9E86-E66A6B435D4F, OS:26.0.1, name:iPhone Air }
{ platform:iOS Simulator, arch:arm64, id:8D56480C-661F-4A2C-A79B-908083B3589C, OS:26.2, name:iPhone Air }
{ platform:iOS Simulator, arch:arm64, id:10F17F6B-610F-41F1-AB17-36D25C4323F1, OS:26.4.1, name:iPhone Air }
{ platform:iOS Simulator, arch:arm64, id:B56B385F-9AB7-49ED-BB60-C4E0E3792F20, OS:26.0.1, name:iPhone SE (3rd generation) }
{ platform:macOS, arch:arm64, variant:Designed for [iPad,iPhone], id:00006000-000C50CC3423801E, name:My Mac }
{ platform:iOS, id:dvtdevice-DVTiPhonePlaceholder-iphoneos:placeholder, name:Any iOS Device }
ComputePackagePrebuildTargetDependencyGraph

Prepare packages

CreateBuildRequest

SendProjectDescription

CreateBuildOperation

ComputeTargetDependencyGraph
note: Building targets in dependency order
note: Target dependency graph (28 targets)
    Target 'FMS' in project 'FMS'
        ➜ Explicit dependency on target 'PostgREST' in project 'Supabase'
        ➜ Explicit dependency on target 'Functions' in project 'Supabase'
        ➜ Explicit dependency on target 'Supabase' in project 'Supabase'
        ➜ Explicit dependency on target 'Auth' in project 'Supabase'
        ➜ Explicit dependency on target 'Storage' in project 'Supabase'
        ➜ Explicit dependency on target 'Realtime' in project 'Supabase'
    Target 'Realtime' in project 'Supabase'
        ➜ Explicit dependency on target 'Realtime' in project 'Supabase'
        ➜ Explicit dependency on target 'Helpers' in project 'Supabase'
        ➜ Explicit dependency on target 'ConcurrencyExtras' in project 'swift-concurrency-extras'
        ➜ Explicit dependency on target 'HTTPTypes' in project 'swift-http-types'
        ➜ Explicit dependency on target 'Clocks' in project 'swift-clocks'
        ➜ Explicit dependency on target 'XCTestDynamicOverlay' in project 'xctest-dynamic-overlay'
        ➜ Explicit dependency on target 'IssueReporting' in project 'xctest-dynamic-overlay'
    Target 'Storage' in project 'Supabase'
        ➜ Explicit dependency on target 'Storage' in project 'Supabase'
        ➜ Explicit dependency on target 'Helpers' in project 'Supabase'
        ➜ Explicit dependency on target 'ConcurrencyExtras' in project 'swift-concurrency-extras'
        ➜ Explicit dependency on target 'HTTPTypes' in project 'swift-http-types'
        ➜ Explicit dependency on target 'Clocks' in project 'swift-clocks'
        ➜ Explicit dependency on target 'XCTestDynamicOverlay' in project 'xctest-dynamic-overlay'
    Target 'Auth' in project 'Supabase'
        ➜ Explicit dependency on target 'Auth' in project 'Supabase'
        ➜ Explicit dependency on target 'Helpers' in project 'Supabase'
        ➜ Explicit dependency on target 'ConcurrencyExtras' in project 'swift-concurrency-extras'
        ➜ Explicit dependency on target 'HTTPTypes' in project 'swift-http-types'
        ➜ Explicit dependency on target 'Clocks' in project 'swift-clocks'
        ➜ Explicit dependency on target 'XCTestDynamicOverlay' in project 'xctest-dynamic-overlay'
        ➜ Explicit dependency on target 'Crypto' in project 'swift-crypto'
    Target 'Supabase' in project 'Supabase'
        ➜ Explicit dependency on target 'Supabase' in project 'Supabase'
        ➜ Explicit dependency on target 'Helpers' in project 'Supabase'
        ➜ Explicit dependency on target 'Auth' in project 'Supabase'
        ➜ Explicit dependency on target 'Functions' in project 'Supabase'
        ➜ Explicit dependency on target 'PostgREST' in project 'Supabase'
        ➜ Explicit dependency on target 'Realtime' in project 'Supabase'
        ➜ Explicit dependency on target 'Storage' in project 'Supabase'
        ➜ Explicit dependency on target 'ConcurrencyExtras' in project 'swift-concurrency-extras'
        ➜ Explicit dependency on target 'HTTPTypes' in project 'swift-http-types'
        ➜ Explicit dependency on target 'Clocks' in project 'swift-clocks'
        ➜ Explicit dependency on target 'XCTestDynamicOverlay' in project 'xctest-dynamic-overlay'
        ➜ Explicit dependency on target 'Crypto' in project 'swift-crypto'
        ➜ Explicit dependency on target 'IssueReporting' in project 'xctest-dynamic-overlay'
    Target 'Supabase' in project 'Supabase'
        ➜ Explicit dependency on target 'Helpers' in project 'Supabase'
        ➜ Explicit dependency on target 'Auth' in project 'Supabase'
        ➜ Explicit dependency on target 'Functions' in project 'Supabase'
        ➜ Explicit dependency on target 'PostgREST' in project 'Supabase'
        ➜ Explicit dependency on target 'Realtime' in project 'Supabase'
        ➜ Explicit dependency on target 'Storage' in project 'Supabase'
        ➜ Explicit dependency on target 'ConcurrencyExtras' in project 'swift-concurrency-extras'
        ➜ Explicit dependency on target 'HTTPTypes' in project 'swift-http-types'
        ➜ Explicit dependency on target 'Clocks' in project 'swift-clocks'
        ➜ Explicit dependency on target 'XCTestDynamicOverlay' in project 'xctest-dynamic-overlay'
        ➜ Explicit dependency on target 'Crypto' in project 'swift-crypto'
        ➜ Explicit dependency on target 'IssueReporting' in project 'xctest-dynamic-overlay'
    Target 'Storage' in project 'Supabase'
        ➜ Explicit dependency on target 'Helpers' in project 'Supabase'
        ➜ Explicit dependency on target 'ConcurrencyExtras' in project 'swift-concurrency-extras'
        ➜ Explicit dependency on target 'HTTPTypes' in project 'swift-http-types'
        ➜ Explicit dependency on target 'Clocks' in project 'swift-clocks'
        ➜ Explicit dependency on target 'XCTestDynamicOverlay' in project 'xctest-dynamic-overlay'
    Target 'Realtime' in project 'Supabase'
        ➜ Explicit dependency on target 'Helpers' in project 'Supabase'
        ➜ Explicit dependency on target 'ConcurrencyExtras' in project 'swift-concurrency-extras'
        ➜ Explicit dependency on target 'HTTPTypes' in project 'swift-http-types'
        ➜ Explicit dependency on target 'Clocks' in project 'swift-clocks'
        ➜ Explicit dependency on target 'XCTestDynamicOverlay' in project 'xctest-dynamic-overlay'
        ➜ Explicit dependency on target 'IssueReporting' in project 'xctest-dynamic-overlay'
    Target 'Auth' in project 'Supabase'
        ➜ Explicit dependency on target 'Helpers' in project 'Supabase'
        ➜ Explicit dependency on target 'ConcurrencyExtras' in project 'swift-concurrency-extras'
        ➜ Explicit dependency on target 'HTTPTypes' in project 'swift-http-types'
        ➜ Explicit dependency on target 'Clocks' in project 'swift-clocks'
        ➜ Explicit dependency on target 'XCTestDynamicOverlay' in project 'xctest-dynamic-overlay'
        ➜ Explicit dependency on target 'Crypto' in project 'swift-crypto'
    Target 'Crypto' in project 'swift-crypto'
        ➜ Explicit dependency on target 'Crypto' in project 'swift-crypto'
        ➜ Explicit dependency on target 'swift-crypto_Crypto' in project 'swift-crypto'
    Target 'Crypto' in project 'swift-crypto'
        ➜ Explicit dependency on target 'swift-crypto_Crypto' in project 'swift-crypto'
    Target 'swift-crypto_Crypto' in project 'swift-crypto' (no dependencies)
    Target 'Functions' in project 'Supabase'
        ➜ Explicit dependency on target 'Functions' in project 'Supabase'
        ➜ Explicit dependency on target 'Helpers' in project 'Supabase'
        ➜ Explicit dependency on target 'ConcurrencyExtras' in project 'swift-concurrency-extras'
        ➜ Explicit dependency on target 'HTTPTypes' in project 'swift-http-types'
        ➜ Explicit dependency on target 'Clocks' in project 'swift-clocks'
        ➜ Explicit dependency on target 'XCTestDynamicOverlay' in project 'xctest-dynamic-overlay'
    Target 'Functions' in project 'Supabase'
        ➜ Explicit dependency on target 'Helpers' in project 'Supabase'
        ➜ Explicit dependency on target 'ConcurrencyExtras' in project 'swift-concurrency-extras'
        ➜ Explicit dependency on target 'HTTPTypes' in project 'swift-http-types'
        ➜ Explicit dependency on target 'Clocks' in project 'swift-clocks'
        ➜ Explicit dependency on target 'XCTestDynamicOverlay' in project 'xctest-dynamic-overlay'
    Target 'PostgREST' in project 'Supabase'
        ➜ Explicit dependency on target 'PostgREST' in project 'Supabase'
        ➜ Explicit dependency on target 'Helpers' in project 'Supabase'
        ➜ Explicit dependency on target 'ConcurrencyExtras' in project 'swift-concurrency-extras'
        ➜ Explicit dependency on target 'HTTPTypes' in project 'swift-http-types'
        ➜ Explicit dependency on target 'Clocks' in project 'swift-clocks'
        ➜ Explicit dependency on target 'XCTestDynamicOverlay' in project 'xctest-dynamic-overlay'
    Target 'PostgREST' in project 'Supabase'
        ➜ Explicit dependency on target 'Helpers' in project 'Supabase'
        ➜ Explicit dependency on target 'ConcurrencyExtras' in project 'swift-concurrency-extras'
        ➜ Explicit dependency on target 'HTTPTypes' in project 'swift-http-types'
        ➜ Explicit dependency on target 'Clocks' in project 'swift-clocks'
        ➜ Explicit dependency on target 'XCTestDynamicOverlay' in project 'xctest-dynamic-overlay'
    Target 'Helpers' in project 'Supabase'
        ➜ Explicit dependency on target 'ConcurrencyExtras' in project 'swift-concurrency-extras'
        ➜ Explicit dependency on target 'HTTPTypes' in project 'swift-http-types'
        ➜ Explicit dependency on target 'Clocks' in project 'swift-clocks'
        ➜ Explicit dependency on target 'XCTestDynamicOverlay' in project 'xctest-dynamic-overlay'
    Target 'XCTestDynamicOverlay' in project 'xctest-dynamic-overlay'
        ➜ Explicit dependency on target 'XCTestDynamicOverlay' in project 'xctest-dynamic-overlay'
        ➜ Explicit dependency on target 'IssueReportingPackageSupport' in project 'xctest-dynamic-overlay'
        ➜ Explicit dependency on target 'IssueReporting' in project 'xctest-dynamic-overlay'
    Target 'XCTestDynamicOverlay' in project 'xctest-dynamic-overlay'
        ➜ Explicit dependency on target 'IssueReportingPackageSupport' in project 'xctest-dynamic-overlay'
        ➜ Explicit dependency on target 'IssueReporting' in project 'xctest-dynamic-overlay'
    Target 'Clocks' in project 'swift-clocks'
        ➜ Explicit dependency on target 'Clocks' in project 'swift-clocks'
        ➜ Explicit dependency on target 'ConcurrencyExtras' in project 'swift-concurrency-extras'
        ➜ Explicit dependency on target 'IssueReporting' in project 'xctest-dynamic-overlay'
    Target 'Clocks' in project 'swift-clocks'
        ➜ Explicit dependency on target 'ConcurrencyExtras' in project 'swift-concurrency-extras'
        ➜ Explicit dependency on target 'IssueReporting' in project 'xctest-dynamic-overlay'
    Target 'IssueReporting' in project 'xctest-dynamic-overlay'
        ➜ Explicit dependency on target 'IssueReporting' in project 'xctest-dynamic-overlay'
        ➜ Explicit dependency on target 'IssueReportingPackageSupport' in project 'xctest-dynamic-overlay'
    Target 'IssueReporting' in project 'xctest-dynamic-overlay'
        ➜ Explicit dependency on target 'IssueReportingPackageSupport' in project 'xctest-dynamic-overlay'
    Target 'IssueReportingPackageSupport' in project 'xctest-dynamic-overlay' (no dependencies)
    Target 'HTTPTypes' in project 'swift-http-types'
        ➜ Explicit dependency on target 'HTTPTypes' in project 'swift-http-types'
    Target 'HTTPTypes' in project 'swift-http-types' (no dependencies)
    Target 'ConcurrencyExtras' in project 'swift-concurrency-extras'
        ➜ Explicit dependency on target 'ConcurrencyExtras' in project 'swift-concurrency-extras'
    Target 'ConcurrencyExtras' in project 'swift-concurrency-extras' (no dependencies)

GatherProvisioningInputs

CreateBuildDescription

ExecuteExternalTool /Applications/Xcode.app/Contents/Developer/Toolchains/XcodeDefault.xctoolchain/usr/bin/swiftc --version

ExecuteExternalTool /Applications/Xcode.app/Contents/Developer/Toolchains/XcodeDefault.xctoolchain/usr/bin/clang -v -E -dM -isysroot /Applications/Xcode.app/Contents/Developer/Platforms/iPhoneSimulator.platform/Developer/SDKs/iPhoneSimulator26.4.sdk -x c -c /dev/null

ExecuteExternalTool /Applications/Xcode.app/Contents/Developer/usr/bin/actool --print-asset-tag-combinations --output-format xml1 /Users/getsh/Documents/FMS/FMS/Assets.xcassets

ExecuteExternalTool /Applications/Xcode.app/Contents/Developer/usr/bin/actool --version --output-format xml1

ExecuteExternalTool /Applications/Xcode.app/Contents/Developer/Toolchains/XcodeDefault.xctoolchain/usr/bin/ld -version_details

ReadFileContents /Applications/Xcode.app/Contents/Developer/Toolchains/XcodeDefault.xctoolchain/usr/share/docc/features.json

Build description signature: bf8619ac27baa4e8b4b7bf048e857054
Build description path: /Users/getsh/Library/Developer/Xcode/DerivedData/FMS-hfphrwjmssehskdanqytyihnrpwd/Build/Intermediates.noindex/XCBuildData/bf8619ac27baa4e8b4b7bf048e857054.xcbuilddata
ClangStatCache /Applications/Xcode.app/Contents/Developer/Toolchains/XcodeDefault.xctoolchain/usr/bin/clang-stat-cache /Applications/Xcode.app/Contents/Developer/Platforms/iPhoneSimulator.platform/Developer/SDKs/iPhoneSimulator26.4.sdk /Users/getsh/Library/Developer/Xcode/DerivedData/SDKStatCaches.noindex/iphonesimulator26.4-23E252-686eebb5dc1d8ecb277353a59184f4aa.sdkstatcache
    cd /Users/getsh/Documents/FMS/FMS.xcodeproj
    /Applications/Xcode.app/Contents/Developer/Toolchains/XcodeDefault.xctoolchain/usr/bin/clang-stat-cache /Applications/Xcode.app/Contents/Developer/Platforms/iPhoneSimulator.platform/Developer/SDKs/iPhoneSimulator26.4.sdk -o /Users/getsh/Library/Developer/Xcode/DerivedData/SDKStatCaches.noindex/iphonesimulator26.4-23E252-686eebb5dc1d8ecb277353a59184f4aa.sdkstatcache

ProcessInfoPlistFile /Users/getsh/Library/Developer/Xcode/DerivedData/FMS-hfphrwjmssehskdanqytyihnrpwd/Build/Products/Debug-iphonesimulator/swift-crypto_Crypto.bundle/Info.plist /Users/getsh/Library/Developer/Xcode/DerivedData/FMS-hfphrwjmssehskdanqytyihnrpwd/Build/Intermediates.noindex/swift-crypto.build/Debug-iphonesimulator/swift-crypto_Crypto.build/empty-swift-crypto_Crypto.plist (in target 'swift-crypto_Crypto' from project 'swift-crypto')
    cd /Users/getsh/Documents/FMS/SPMCache/checkouts/swift-crypto
    builtin-infoPlistUtility /Users/getsh/Library/Developer/Xcode/DerivedData/FMS-hfphrwjmssehskdanqytyihnrpwd/Build/Intermediates.noindex/swift-crypto.build/Debug-iphonesimulator/swift-crypto_Crypto.build/empty-swift-crypto_Crypto.plist -producttype com.apple.product-type.bundle -expandbuildsettings -format binary -platform iphonesimulator -o /Users/getsh/Library/Developer/Xcode/DerivedData/FMS-hfphrwjmssehskdanqytyihnrpwd/Build/Products/Debug-iphonesimulator/swift-crypto_Crypto.bundle/Info.plist

SwiftDriver Auth normal arm64 com.apple.xcode.tools.swift.compiler (in target 'Auth' from project 'Supabase')
    cd /Users/getsh/Documents/FMS/FMS.xcodeproj
    builtin-SwiftDriver -- /Applications/Xcode.app/Contents/Developer/Toolchains/XcodeDefault.xctoolchain/usr/bin/swiftc -module-name Auth -Onone @/Users/getsh/Library/Developer/Xcode/DerivedData/FMS-hfphrwjmssehskdanqytyihnrpwd/Build/Intermediates.noindex/Supabase.build/Debug-iphonesimulator/Auth.build/Objects-normal/arm64/Auth.SwiftFileList -DSWIFT_PACKAGE -DDEBUG -DSWIFT_MODULE_RESOURCE_BUNDLE_UNAVAILABLE -DXcode -enable-upcoming-feature ExistentialAny -enable-experimental-feature StrictConcurrency -plugin-path /Applications/Xcode.app/Contents/Developer/Toolchains/XcodeDefault.xctoolchain/usr/lib/swift/host/plugins/testing -enable-experimental-feature DebugDescriptionMacro -sdk /Applications/Xcode.app/Contents/Developer/Platforms/iPhoneSimulator.platform/Developer/SDKs/iPhoneSimulator26.4.sdk -target arm64-apple-ios13.0-simulator -g -module-cache-path /Users/getsh/Library/Developer/Xcode/DerivedData/ModuleCache.noindex -Xfrontend -serialize-debugging-options -enable-testing -suppress-warnings -index-store-path /Users/getsh/Library/Developer/Xcode/DerivedData/FMS-hfphrwjmssehskdanqytyihnrpwd/Index.noindex/DataStore -Xcc -D_LIBCPP_HARDENING_MODE\=_LIBCPP_HARDENING_MODE_DEBUG -swift-version 5 -I /Users/getsh/Library/Developer/Xcode/DerivedData/FMS-hfphrwjmssehskdanqytyihnrpwd/Build/Products/Debug-iphonesimulator -Isystem /Applications/Xcode.app/Contents/Developer/Platforms/iPhoneSimulator.platform/Developer/usr/lib -F /Users/getsh/Library/Developer/Xcode/DerivedData/FMS-hfphrwjmssehskdanqytyihnrpwd/Build/Products/Debug-iphonesimulator/PackageFrameworks -F /Users/getsh/Library/Developer/Xcode/DerivedData/FMS-hfphrwjmssehskdanqytyihnrpwd/Build/Products/Debug-iphonesimulator/PackageFrameworks -F /Users/getsh/Library/Developer/Xcode/DerivedData/FMS-hfphrwjmssehskdanqytyihnrpwd/Build/Products/Debug-iphonesimulator/PackageFrameworks -F /Users/getsh/Library/Developer/Xcode/DerivedData/FMS-hfphrwjmssehskdanqytyihnrpwd/Build/Products/Debug-iphonesimulator/PackageFrameworks -F /Users/getsh/Library/Developer/Xcode/DerivedData/FMS-hfphrwjmssehskdanqytyihnrpwd/Build/Products/Debug-iphonesimulator/PackageFrameworks -F /Users/getsh/Library/Developer/Xcode/DerivedData/FMS-hfphrwjmssehskdanqytyihnrpwd/Build/Products/Debug-iphonesimulator/PackageFrameworks -F /Users/getsh/Library/Developer/Xcode/DerivedData/FMS-hfphrwjmssehskdanqytyihnrpwd/Build/Products/Debug-iphonesimulator/PackageFrameworks -F /Users/getsh/Library/Developer/Xcode/DerivedData/FMS-hfphrwjmssehskdanqytyihnrpwd/Build/Products/Debug-iphonesimulator/PackageFrameworks -F /Users/getsh/Library/Developer/Xcode/DerivedData/FMS-hfphrwjmssehskdanqytyihnrpwd/Build/Products/Debug-iphonesimulator -F /Applications/Xcode.app/Contents/Developer/Platforms/iPhoneSimulator.platform/Developer/Library/Frameworks -F /Applications/Xcode.app/Contents/Developer/Platforms/iPhoneSimulator.platform/Developer/SDKs/iPhoneSimulator26.4.sdk/Developer/Library/Frameworks -c -j8 -enable-batch-mode -incremental -Xcc -ivfsstatcache -Xcc /Users/getsh/Library/Developer/Xcode/DerivedData/SDKStatCaches.noindex/iphonesimulator26.4-23E252-686eebb5dc1d8ecb277353a59184f4aa.sdkstatcache -output-file-map /Users/getsh/Library/Developer/Xcode/DerivedData/FMS-hfphrwjmssehskdanqytyihnrpwd/Build/Intermediates.noindex/Supabase.build/Debug-iphonesimulator/Auth.build/Objects-normal/arm64/Auth-OutputFileMap.json -use-frontend-parseable-output -save-temps -no-color-diagnostics -explicit-module-build -module-cache-path /Users/getsh/Library/Developer/Xcode/DerivedData/FMS-hfphrwjmssehskdanqytyihnrpwd/Build/Intermediates.noindex/SwiftExplicitPrecompiledModules -clang-scanner-module-cache-path /Users/getsh/Library/Developer/Xcode/DerivedData/ModuleCache.noindex -sdk-module-cache-path /Users/getsh/Library/Developer/Xcode/DerivedData/ModuleCache.noindex -serialize-diagnostics -emit-dependencies -emit-module -emit-module-path /Users/getsh/Library/Developer/Xcode/DerivedData/FMS-hfphrwjmssehskdanqytyihnrpwd/Build/Intermediates.noindex/Supabase.build/Debug-iphonesimulator/Auth.build/Objects-normal/arm64/Auth.swiftmodule -validate-clang-modules-once -clang-build-session-file /Users/getsh/Library/Developer/Xcode/DerivedData/ModuleCache.noindex/Session.modulevalidation -package-name supabase_swift -Xcc -I/Users/getsh/Library/Developer/Xcode/DerivedData/FMS-hfphrwjmssehskdanqytyihnrpwd/Build/Intermediates.noindex/Supabase.build/Debug-iphonesimulator/Auth.build/swift-overrides.hmap -emit-const-values -Xfrontend -const-gather-protocols-file -Xfrontend /Users/getsh/Library/Developer/Xcode/DerivedData/FMS-hfphrwjmssehskdanqytyihnrpwd/Build/Intermediates.noindex/Supabase.build/Debug-iphonesimulator/Auth.build/Objects-normal/arm64/Auth_const_extract_protocols.json -Xcc -I/Users/getsh/Library/Developer/Xcode/DerivedData/FMS-hfphrwjmssehskdanqytyihnrpwd/Build/Products/Debug-iphonesimulator/include -Xcc -I/Users/getsh/Library/Developer/Xcode/DerivedData/FMS-hfphrwjmssehskdanqytyihnrpwd/Build/Intermediates.noindex/Supabase.build/Debug-iphonesimulator/Auth.build/DerivedSources-normal/arm64 -Xcc -I/Users/getsh/Library/Developer/Xcode/DerivedData/FMS-hfphrwjmssehskdanqytyihnrpwd/Build/Intermediates.noindex/Supabase.build/Debug-iphonesimulator/Auth.build/DerivedSources/arm64 -Xcc -I/Users/getsh/Library/Developer/Xcode/DerivedData/FMS-hfphrwjmssehskdanqytyihnrpwd/Build/Intermediates.noindex/Supabase.build/Debug-iphonesimulator/Auth.build/DerivedSources -Xcc -DSWIFT_PACKAGE -Xcc -DDEBUG\=1 -emit-objc-header -emit-objc-header-path /Users/getsh/Library/Developer/Xcode/DerivedData/FMS-hfphrwjmssehskdanqytyihnrpwd/Build/Intermediates.noindex/Supabase.build/Debug-iphonesimulator/Auth.build/Objects-normal/arm64/Auth-Swift.h -working-directory /Users/getsh/Documents/FMS/FMS.xcodeproj -experimental-emit-module-separately -disable-cmo

SwiftEmitModule normal arm64 Emitting\ module\ for\ Auth (in target 'Auth' from project 'Supabase')

EmitSwiftModule normal arm64 (in target 'Auth' from project 'Supabase')
    cd /Users/getsh/Documents/FMS/FMS.xcodeproj
    

SwiftDriverJobDiscovery normal arm64 Emitting module for Auth (in target 'Auth' from project 'Supabase')

SwiftDriver\ Compilation\ Requirements Auth normal arm64 com.apple.xcode.tools.swift.compiler (in target 'Auth' from project 'Supabase')
    cd /Users/getsh/Documents/FMS/FMS.xcodeproj
    builtin-Swift-Compilation-Requirements -- /Applications/Xcode.app/Contents/Developer/Toolchains/XcodeDefault.xctoolchain/usr/bin/swiftc -module-name Auth -Onone @/Users/getsh/Library/Developer/Xcode/DerivedData/FMS-hfphrwjmssehskdanqytyihnrpwd/Build/Intermediates.noindex/Supabase.build/Debug-iphonesimulator/Auth.build/Objects-normal/arm64/Auth.SwiftFileList -DSWIFT_PACKAGE -DDEBUG -DSWIFT_MODULE_RESOURCE_BUNDLE_UNAVAILABLE -DXcode -enable-upcoming-feature ExistentialAny -enable-experimental-feature StrictConcurrency -plugin-path /Applications/Xcode.app/Contents/Developer/Toolchains/XcodeDefault.xctoolchain/usr/lib/swift/host/plugins/testing -enable-experimental-feature DebugDescriptionMacro -sdk /Applications/Xcode.app/Contents/Developer/Platforms/iPhoneSimulator.platform/Developer/SDKs/iPhoneSimulator26.4.sdk -target arm64-apple-ios13.0-simulator -g -module-cache-path /Users/getsh/Library/Developer/Xcode/DerivedData/ModuleCache.noindex -Xfrontend -serialize-debugging-options -enable-testing -suppress-warnings -index-store-path /Users/getsh/Library/Developer/Xcode/DerivedData/FMS-hfphrwjmssehskdanqytyihnrpwd/Index.noindex/DataStore -Xcc -D_LIBCPP_HARDENING_MODE\=_LIBCPP_HARDENING_MODE_DEBUG -swift-version 5 -I /Users/getsh/Library/Developer/Xcode/DerivedData/FMS-hfphrwjmssehskdanqytyihnrpwd/Build/Products/Debug-iphonesimulator -Isystem /Applications/Xcode.app/Contents/Developer/Platforms/iPhoneSimulator.platform/Developer/usr/lib -F /Users/getsh/Library/Developer/Xcode/DerivedData/FMS-hfphrwjmssehskdanqytyihnrpwd/Build/Products/Debug-iphonesimulator/PackageFrameworks -F /Users/getsh/Library/Developer/Xcode/DerivedData/FMS-hfphrwjmssehskdanqytyihnrpwd/Build/Products/Debug-iphonesimulator/PackageFrameworks -F /Users/getsh/Library/Developer/Xcode/DerivedData/FMS-hfphrwjmssehskdanqytyihnrpwd/Build/Products/Debug-iphonesimulator/PackageFrameworks -F /Users/getsh/Library/Developer/Xcode/DerivedData/FMS-hfphrwjmssehskdanqytyihnrpwd/Build/Products/Debug-iphonesimulator/PackageFrameworks -F /Users/getsh/Library/Developer/Xcode/DerivedData/FMS-hfphrwjmssehskdanqytyihnrpwd/Build/Products/Debug-iphonesimulator/PackageFrameworks -F /Users/getsh/Library/Developer/Xcode/DerivedData/FMS-hfphrwjmssehskdanqytyihnrpwd/Build/Products/Debug-iphonesimulator/PackageFrameworks -F /Users/getsh/Library/Developer/Xcode/DerivedData/FMS-hfphrwjmssehskdanqytyihnrpwd/Build/Products/Debug-iphonesimulator/PackageFrameworks -F /Users/getsh/Library/Developer/Xcode/DerivedData/FMS-hfphrwjmssehskdanqytyihnrpwd/Build/Products/Debug-iphonesimulator/PackageFrameworks -F /Users/getsh/Library/Developer/Xcode/DerivedData/FMS-hfphrwjmssehskdanqytyihnrpwd/Build/Products/Debug-iphonesimulator -F /Applications/Xcode.app/Contents/Developer/Platforms/iPhoneSimulator.platform/Developer/Library/Frameworks -F /Applications/Xcode.app/Contents/Developer/Platforms/iPhoneSimulator.platform/Developer/SDKs/iPhoneSimulator26.4.sdk/Developer/Library/Frameworks -c -j8 -enable-batch-mode -incremental -Xcc -ivfsstatcache -Xcc /Users/getsh/Library/Developer/Xcode/DerivedData/SDKStatCaches.noindex/iphonesimulator26.4-23E252-686eebb5dc1d8ecb277353a59184f4aa.sdkstatcache -output-file-map /Users/getsh/Library/Developer/Xcode/DerivedData/FMS-hfphrwjmssehskdanqytyihnrpwd/Build/Intermediates.noindex/Supabase.build/Debug-iphonesimulator/Auth.build/Objects-normal/arm64/Auth-OutputFileMap.json -use-frontend-parseable-output -save-temps -no-color-diagnostics -explicit-module-build -module-cache-path /Users/getsh/Library/Developer/Xcode/DerivedData/FMS-hfphrwjmssehskdanqytyihnrpwd/Build/Intermediates.noindex/SwiftExplicitPrecompiledModules -clang-scanner-module-cache-path /Users/getsh/Library/Developer/Xcode/DerivedData/ModuleCache.noindex -sdk-module-cache-path /Users/getsh/Library/Developer/Xcode/DerivedData/ModuleCache.noindex -serialize-diagnostics -emit-dependencies -emit-module -emit-module-path /Users/getsh/Library/Developer/Xcode/DerivedData/FMS-hfphrwjmssehskdanqytyihnrpwd/Build/Intermediates.noindex/Supabase.build/Debug-iphonesimulator/Auth.build/Objects-normal/arm64/Auth.swiftmodule -validate-clang-modules-once -clang-build-session-file /Users/getsh/Library/Developer/Xcode/DerivedData/ModuleCache.noindex/Session.modulevalidation -package-name supabase_swift -Xcc -I/Users/getsh/Library/Developer/Xcode/DerivedData/FMS-hfphrwjmssehskdanqytyihnrpwd/Build/Intermediates.noindex/Supabase.build/Debug-iphonesimulator/Auth.build/swift-overrides.hmap -emit-const-values -Xfrontend -const-gather-protocols-file -Xfrontend /Users/getsh/Library/Developer/Xcode/DerivedData/FMS-hfphrwjmssehskdanqytyihnrpwd/Build/Intermediates.noindex/Supabase.build/Debug-iphonesimulator/Auth.build/Objects-normal/arm64/Auth_const_extract_protocols.json -Xcc -I/Users/getsh/Library/Developer/Xcode/DerivedData/FMS-hfphrwjmssehskdanqytyihnrpwd/Build/Products/Debug-iphonesimulator/include -Xcc -I/Users/getsh/Library/Developer/Xcode/DerivedData/FMS-hfphrwjmssehskdanqytyihnrpwd/Build/Intermediates.noindex/Supabase.build/Debug-iphonesimulator/Auth.build/DerivedSources-normal/arm64 -Xcc -I/Users/getsh/Library/Developer/Xcode/DerivedData/FMS-hfphrwjmssehskdanqytyihnrpwd/Build/Intermediates.noindex/Supabase.build/Debug-iphonesimulator/Auth.build/DerivedSources/arm64 -Xcc -I/Users/getsh/Library/Developer/Xcode/DerivedData/FMS-hfphrwjmssehskdanqytyihnrpwd/Build/Intermediates.noindex/Supabase.build/Debug-iphonesimulator/Auth.build/DerivedSources -Xcc -DSWIFT_PACKAGE -Xcc -DDEBUG\=1 -emit-objc-header -emit-objc-header-path /Users/getsh/Library/Developer/Xcode/DerivedData/FMS-hfphrwjmssehskdanqytyihnrpwd/Build/Intermediates.noindex/Supabase.build/Debug-iphonesimulator/Auth.build/Objects-normal/arm64/Auth-Swift.h -working-directory /Users/getsh/Documents/FMS/FMS.xcodeproj -experimental-emit-module-separately -disable-cmo

Copy /Users/getsh/Library/Developer/Xcode/DerivedData/FMS-hfphrwjmssehskdanqytyihnrpwd/Build/Products/Debug-iphonesimulator/Auth.swiftmodule/arm64-apple-ios-simulator.swiftmodule /Users/getsh/Library/Developer/Xcode/DerivedData/FMS-hfphrwjmssehskdanqytyihnrpwd/Build/Intermediates.noindex/Supabase.build/Debug-iphonesimulator/Auth.build/Objects-normal/arm64/Auth.swiftmodule (in target 'Auth' from project 'Supabase')
    cd /Users/getsh/Documents/FMS/SPMCache/checkouts/supabase-swift
    builtin-copy -exclude .DS_Store -exclude CVS -exclude .svn -exclude .git -exclude .hg -resolve-src-symlinks -rename /Users/getsh/Library/Developer/Xcode/DerivedData/FMS-hfphrwjmssehskdanqytyihnrpwd/Build/Intermediates.noindex/Supabase.build/Debug-iphonesimulator/Auth.build/Objects-normal/arm64/Auth.swiftmodule /Users/getsh/Library/Developer/Xcode/DerivedData/FMS-hfphrwjmssehskdanqytyihnrpwd/Build/Products/Debug-iphonesimulator/Auth.swiftmodule/arm64-apple-ios-simulator.swiftmodule

Copy /Users/getsh/Library/Developer/Xcode/DerivedData/FMS-hfphrwjmssehskdanqytyihnrpwd/Build/Products/Debug-iphonesimulator/Auth.swiftmodule/arm64-apple-ios-simulator.abi.json /Users/getsh/Library/Developer/Xcode/DerivedData/FMS-hfphrwjmssehskdanqytyihnrpwd/Build/Intermediates.noindex/Supabase.build/Debug-iphonesimulator/Auth.build/Objects-normal/arm64/Auth.abi.json (in target 'Auth' from project 'Supabase')
    cd /Users/getsh/Documents/FMS/SPMCache/checkouts/supabase-swift
    builtin-copy -exclude .DS_Store -exclude CVS -exclude .svn -exclude .git -exclude .hg -resolve-src-symlinks -rename /Users/getsh/Library/Developer/Xcode/DerivedData/FMS-hfphrwjmssehskdanqytyihnrpwd/Build/Intermediates.noindex/Supabase.build/Debug-iphonesimulator/Auth.build/Objects-normal/arm64/Auth.abi.json /Users/getsh/Library/Developer/Xcode/DerivedData/FMS-hfphrwjmssehskdanqytyihnrpwd/Build/Products/Debug-iphonesimulator/Auth.swiftmodule/arm64-apple-ios-simulator.abi.json

SwiftDriver Supabase normal arm64 com.apple.xcode.tools.swift.compiler (in target 'Supabase' from project 'Supabase')
    cd /Users/getsh/Documents/FMS/FMS.xcodeproj
    builtin-SwiftDriver -- /Applications/Xcode.app/Contents/Developer/Toolchains/XcodeDefault.xctoolchain/usr/bin/swiftc -module-name Supabase -Onone @/Users/getsh/Library/Developer/Xcode/DerivedData/FMS-hfphrwjmssehskdanqytyihnrpwd/Build/Intermediates.noindex/Supabase.build/Debug-iphonesimulator/Supabase.build/Objects-normal/arm64/Supabase.SwiftFileList -DSWIFT_PACKAGE -DDEBUG -DSWIFT_MODULE_RESOURCE_BUNDLE_UNAVAILABLE -DXcode -enable-upcoming-feature ExistentialAny -enable-experimental-feature StrictConcurrency -plugin-path /Applications/Xcode.app/Contents/Developer/Toolchains/XcodeDefault.xctoolchain/usr/lib/swift/host/plugins/testing -enable-experimental-feature DebugDescriptionMacro -sdk /Applications/Xcode.app/Contents/Developer/Platforms/iPhoneSimulator.platform/Developer/SDKs/iPhoneSimulator26.4.sdk -target arm64-apple-ios13.0-simulator -g -module-cache-path /Users/getsh/Library/Developer/Xcode/DerivedData/ModuleCache.noindex -Xfrontend -serialize-debugging-options -enable-testing -suppress-warnings -index-store-path /Users/getsh/Library/Developer/Xcode/DerivedData/FMS-hfphrwjmssehskdanqytyihnrpwd/Index.noindex/DataStore -Xcc -D_LIBCPP_HARDENING_MODE\=_LIBCPP_HARDENING_MODE_DEBUG -swift-version 5 -I /Users/getsh/Library/Developer/Xcode/DerivedData/FMS-hfphrwjmssehskdanqytyihnrpwd/Build/Products/Debug-iphonesimulator -Isystem /Applications/Xcode.app/Contents/Developer/Platforms/iPhoneSimulator.platform/Developer/usr/lib -F /Users/getsh/Library/Developer/Xcode/DerivedData/FMS-hfphrwjmssehskdanqytyihnrpwd/Build/Products/Debug-iphonesimulator/PackageFrameworks -F /Users/getsh/Library/Developer/Xcode/DerivedData/FMS-hfphrwjmssehskdanqytyihnrpwd/Build/Products/Debug-iphonesimulator/PackageFrameworks -F /Users/getsh/Library/Developer/Xcode/DerivedData/FMS-hfphrwjmssehskdanqytyihnrpwd/Build/Products/Debug-iphonesimulator/PackageFrameworks -F /Users/getsh/Library/Developer/Xcode/DerivedData/FMS-hfphrwjmssehskdanqytyihnrpwd/Build/Products/Debug-iphonesimulator/PackageFrameworks -F /Users/getsh/Library/Developer/Xcode/DerivedData/FMS-hfphrwjmssehskdanqytyihnrpwd/Build/Products/Debug-iphonesimulator/PackageFrameworks -F /Users/getsh/Library/Developer/Xcode/DerivedData/FMS-hfphrwjmssehskdanqytyihnrpwd/Build/Products/Debug-iphonesimulator/PackageFrameworks -F /Users/getsh/Library/Developer/Xcode/DerivedData/FMS-hfphrwjmssehskdanqytyihnrpwd/Build/Products/Debug-iphonesimulator/PackageFrameworks -F /Users/getsh/Library/Developer/Xcode/DerivedData/FMS-hfphrwjmssehskdanqytyihnrpwd/Build/Products/Debug-iphonesimulator/PackageFrameworks -F /Users/getsh/Library/Developer/Xcode/DerivedData/FMS-hfphrwjmssehskdanqytyihnrpwd/Build/Products/Debug-iphonesimulator/PackageFrameworks -F /Users/getsh/Library/Developer/Xcode/DerivedData/FMS-hfphrwjmssehskdanqytyihnrpwd/Build/Products/Debug-iphonesimulator/PackageFrameworks -F /Users/getsh/Library/Developer/Xcode/DerivedData/FMS-hfphrwjmssehskdanqytyihnrpwd/Build/Products/Debug-iphonesimulator/PackageFrameworks -F /Users/getsh/Library/Developer/Xcode/DerivedData/FMS-hfphrwjmssehskdanqytyihnrpwd/Build/Products/Debug-iphonesimulator/PackageFrameworks -F /Users/getsh/Library/Developer/Xcode/DerivedData/FMS-hfphrwjmssehskdanqytyihnrpwd/Build/Products/Debug-iphonesimulator/PackageFrameworks -F /Users/getsh/Library/Developer/Xcode/DerivedData/FMS-hfphrwjmssehskdanqytyihnrpwd/Build/Products/Debug-iphonesimulator -F /Applications/Xcode.app/Contents/Developer/Platforms/iPhoneSimulator.platform/Developer/Library/Frameworks -F /Applications/Xcode.app/Contents/Developer/Platforms/iPhoneSimulator.platform/Developer/SDKs/iPhoneSimulator26.4.sdk/Developer/Library/Frameworks -c -j8 -enable-batch-mode -incremental -Xcc -ivfsstatcache -Xcc /Users/getsh/Library/Developer/Xcode/DerivedData/SDKStatCaches.noindex/iphonesimulator26.4-23E252-686eebb5dc1d8ecb277353a59184f4aa.sdkstatcache -output-file-map /Users/getsh/Library/Developer/Xcode/DerivedData/FMS-hfphrwjmssehskdanqytyihnrpwd/Build/Intermediates.noindex/Supabase.build/Debug-iphonesimulator/Supabase.build/Objects-normal/arm64/Supabase-OutputFileMap.json -use-frontend-parseable-output -save-temps -no-color-diagnostics -explicit-module-build -module-cache-path /Users/getsh/Library/Developer/Xcode/DerivedData/FMS-hfphrwjmssehskdanqytyihnrpwd/Build/Intermediates.noindex/SwiftExplicitPrecompiledModules -clang-scanner-module-cache-path /Users/getsh/Library/Developer/Xcode/DerivedData/ModuleCache.noindex -sdk-module-cache-path /Users/getsh/Library/Developer/Xcode/DerivedData/ModuleCache.noindex -serialize-diagnostics -emit-dependencies -emit-module -emit-module-path /Users/getsh/Library/Developer/Xcode/DerivedData/FMS-hfphrwjmssehskdanqytyihnrpwd/Build/Intermediates.noindex/Supabase.build/Debug-iphonesimulator/Supabase.build/Objects-normal/arm64/Supabase.swiftmodule -validate-clang-modules-once -clang-build-session-file /Users/getsh/Library/Developer/Xcode/DerivedData/ModuleCache.noindex/Session.modulevalidation -package-name supabase_swift -Xcc -I/Users/getsh/Library/Developer/Xcode/DerivedData/FMS-hfphrwjmssehskdanqytyihnrpwd/Build/Intermediates.noindex/Supabase.build/Debug-iphonesimulator/Supabase.build/swift-overrides.hmap -emit-const-values -Xfrontend -const-gather-protocols-file -Xfrontend /Users/getsh/Library/Developer/Xcode/DerivedData/FMS-hfphrwjmssehskdanqytyihnrpwd/Build/Intermediates.noindex/Supabase.build/Debug-iphonesimulator/Supabase.build/Objects-normal/arm64/Supabase_const_extract_protocols.json -Xcc -I/Users/getsh/Library/Developer/Xcode/DerivedData/FMS-hfphrwjmssehskdanqytyihnrpwd/Build/Products/Debug-iphonesimulator/include -Xcc -I/Users/getsh/Library/Developer/Xcode/DerivedData/FMS-hfphrwjmssehskdanqytyihnrpwd/Build/Intermediates.noindex/Supabase.build/Debug-iphonesimulator/Supabase.build/DerivedSources-normal/arm64 -Xcc -I/Users/getsh/Library/Developer/Xcode/DerivedData/FMS-hfphrwjmssehskdanqytyihnrpwd/Build/Intermediates.noindex/Supabase.build/Debug-iphonesimulator/Supabase.build/DerivedSources/arm64 -Xcc -I/Users/getsh/Library/Developer/Xcode/DerivedData/FMS-hfphrwjmssehskdanqytyihnrpwd/Build/Intermediates.noindex/Supabase.build/Debug-iphonesimulator/Supabase.build/DerivedSources -Xcc -DSWIFT_PACKAGE -Xcc -DDEBUG\=1 -emit-objc-header -emit-objc-header-path /Users/getsh/Library/Developer/Xcode/DerivedData/FMS-hfphrwjmssehskdanqytyihnrpwd/Build/Intermediates.noindex/Supabase.build/Debug-iphonesimulator/Supabase.build/Objects-normal/arm64/Supabase-Swift.h -working-directory /Users/getsh/Documents/FMS/FMS.xcodeproj -experimental-emit-module-separately -disable-cmo

SwiftEmitModule normal arm64 Emitting\ module\ for\ Supabase (in target 'Supabase' from project 'Supabase')

EmitSwiftModule normal arm64 (in target 'Supabase' from project 'Supabase')
    cd /Users/getsh/Documents/FMS/FMS.xcodeproj
    

SwiftDriverJobDiscovery normal arm64 Emitting module for Supabase (in target 'Supabase' from project 'Supabase')

SwiftDriver\ Compilation\ Requirements Supabase normal arm64 com.apple.xcode.tools.swift.compiler (in target 'Supabase' from project 'Supabase')
    cd /Users/getsh/Documents/FMS/FMS.xcodeproj
    builtin-Swift-Compilation-Requirements -- /Applications/Xcode.app/Contents/Developer/Toolchains/XcodeDefault.xctoolchain/usr/bin/swiftc -module-name Supabase -Onone @/Users/getsh/Library/Developer/Xcode/DerivedData/FMS-hfphrwjmssehskdanqytyihnrpwd/Build/Intermediates.noindex/Supabase.build/Debug-iphonesimulator/Supabase.build/Objects-normal/arm64/Supabase.SwiftFileList -DSWIFT_PACKAGE -DDEBUG -DSWIFT_MODULE_RESOURCE_BUNDLE_UNAVAILABLE -DXcode -enable-upcoming-feature ExistentialAny -enable-experimental-feature StrictConcurrency -plugin-path /Applications/Xcode.app/Contents/Developer/Toolchains/XcodeDefault.xctoolchain/usr/lib/swift/host/plugins/testing -enable-experimental-feature DebugDescriptionMacro -sdk /Applications/Xcode.app/Contents/Developer/Platforms/iPhoneSimulator.platform/Developer/SDKs/iPhoneSimulator26.4.sdk -target arm64-apple-ios13.0-simulator -g -module-cache-path /Users/getsh/Library/Developer/Xcode/DerivedData/ModuleCache.noindex -Xfrontend -serialize-debugging-options -enable-testing -suppress-warnings -index-store-path /Users/getsh/Library/Developer/Xcode/DerivedData/FMS-hfphrwjmssehskdanqytyihnrpwd/Index.noindex/DataStore -Xcc -D_LIBCPP_HARDENING_MODE\=_LIBCPP_HARDENING_MODE_DEBUG -swift-version 5 -I /Users/getsh/Library/Developer/Xcode/DerivedData/FMS-hfphrwjmssehskdanqytyihnrpwd/Build/Products/Debug-iphonesimulator -Isystem /Applications/Xcode.app/Contents/Developer/Platforms/iPhoneSimulator.platform/Developer/usr/lib -F /Users/getsh/Library/Developer/Xcode/DerivedData/FMS-hfphrwjmssehskdanqytyihnrpwd/Build/Products/Debug-iphonesimulator/PackageFrameworks -F /Users/getsh/Library/Developer/Xcode/DerivedData/FMS-hfphrwjmssehskdanqytyihnrpwd/Build/Products/Debug-iphonesimulator/PackageFrameworks -F /Users/getsh/Library/Developer/Xcode/DerivedData/FMS-hfphrwjmssehskdanqytyihnrpwd/Build/Products/Debug-iphonesimulator/PackageFrameworks -F /Users/getsh/Library/Developer/Xcode/DerivedData/FMS-hfphrwjmssehskdanqytyihnrpwd/Build/Products/Debug-iphonesimulator/PackageFrameworks -F /Users/getsh/Library/Developer/Xcode/DerivedData/FMS-hfphrwjmssehskdanqytyihnrpwd/Build/Products/Debug-iphonesimulator/PackageFrameworks -F /Users/getsh/Library/Developer/Xcode/DerivedData/FMS-hfphrwjmssehskdanqytyihnrpwd/Build/Products/Debug-iphonesimulator/PackageFrameworks -F /Users/getsh/Library/Developer/Xcode/DerivedData/FMS-hfphrwjmssehskdanqytyihnrpwd/Build/Products/Debug-iphonesimulator/PackageFrameworks -F /Users/getsh/Library/Developer/Xcode/DerivedData/FMS-hfphrwjmssehskdanqytyihnrpwd/Build/Products/Debug-iphonesimulator/PackageFrameworks -F /Users/getsh/Library/Developer/Xcode/DerivedData/FMS-hfphrwjmssehskdanqytyihnrpwd/Build/Products/Debug-iphonesimulator/PackageFrameworks -F /Users/getsh/Library/Developer/Xcode/DerivedData/FMS-hfphrwjmssehskdanqytyihnrpwd/Build/Products/Debug-iphonesimulator/PackageFrameworks -F /Users/getsh/Library/Developer/Xcode/DerivedData/FMS-hfphrwjmssehskdanqytyihnrpwd/Build/Products/Debug-iphonesimulator/PackageFrameworks -F /Users/getsh/Library/Developer/Xcode/DerivedData/FMS-hfphrwjmssehskdanqytyihnrpwd/Build/Products/Debug-iphonesimulator/PackageFrameworks -F /Users/getsh/Library/Developer/Xcode/DerivedData/FMS-hfphrwjmssehskdanqytyihnrpwd/Build/Products/Debug-iphonesimulator/PackageFrameworks -F /Users/getsh/Library/Developer/Xcode/DerivedData/FMS-hfphrwjmssehskdanqytyihnrpwd/Build/Products/Debug-iphonesimulator -F /Applications/Xcode.app/Contents/Developer/Platforms/iPhoneSimulator.platform/Developer/Library/Frameworks -F /Applications/Xcode.app/Contents/Developer/Platforms/iPhoneSimulator.platform/Developer/SDKs/iPhoneSimulator26.4.sdk/Developer/Library/Frameworks -c -j8 -enable-batch-mode -incremental -Xcc -ivfsstatcache -Xcc /Users/getsh/Library/Developer/Xcode/DerivedData/SDKStatCaches.noindex/iphonesimulator26.4-23E252-686eebb5dc1d8ecb277353a59184f4aa.sdkstatcache -output-file-map /Users/getsh/Library/Developer/Xcode/DerivedData/FMS-hfphrwjmssehskdanqytyihnrpwd/Build/Intermediates.noindex/Supabase.build/Debug-iphonesimulator/Supabase.build/Objects-normal/arm64/Supabase-OutputFileMap.json -use-frontend-parseable-output -save-temps -no-color-diagnostics -explicit-module-build -module-cache-path /Users/getsh/Library/Developer/Xcode/DerivedData/FMS-hfphrwjmssehskdanqytyihnrpwd/Build/Intermediates.noindex/SwiftExplicitPrecompiledModules -clang-scanner-module-cache-path /Users/getsh/Library/Developer/Xcode/DerivedData/ModuleCache.noindex -sdk-module-cache-path /Users/getsh/Library/Developer/Xcode/DerivedData/ModuleCache.noindex -serialize-diagnostics -emit-dependencies -emit-module -emit-module-path /Users/getsh/Library/Developer/Xcode/DerivedData/FMS-hfphrwjmssehskdanqytyihnrpwd/Build/Intermediates.noindex/Supabase.build/Debug-iphonesimulator/Supabase.build/Objects-normal/arm64/Supabase.swiftmodule -validate-clang-modules-once -clang-build-session-file /Users/getsh/Library/Developer/Xcode/DerivedData/ModuleCache.noindex/Session.modulevalidation -package-name supabase_swift -Xcc -I/Users/getsh/Library/Developer/Xcode/DerivedData/FMS-hfphrwjmssehskdanqytyihnrpwd/Build/Intermediates.noindex/Supabase.build/Debug-iphonesimulator/Supabase.build/swift-overrides.hmap -emit-const-values -Xfrontend -const-gather-protocols-file -Xfrontend /Users/getsh/Library/Developer/Xcode/DerivedData/FMS-hfphrwjmssehskdanqytyihnrpwd/Build/Intermediates.noindex/Supabase.build/Debug-iphonesimulator/Supabase.build/Objects-normal/arm64/Supabase_const_extract_protocols.json -Xcc -I/Users/getsh/Library/Developer/Xcode/DerivedData/FMS-hfphrwjmssehskdanqytyihnrpwd/Build/Products/Debug-iphonesimulator/include -Xcc -I/Users/getsh/Library/Developer/Xcode/DerivedData/FMS-hfphrwjmssehskdanqytyihnrpwd/Build/Intermediates.noindex/Supabase.build/Debug-iphonesimulator/Supabase.build/DerivedSources-normal/arm64 -Xcc -I/Users/getsh/Library/Developer/Xcode/DerivedData/FMS-hfphrwjmssehskdanqytyihnrpwd/Build/Intermediates.noindex/Supabase.build/Debug-iphonesimulator/Supabase.build/DerivedSources/arm64 -Xcc -I/Users/getsh/Library/Developer/Xcode/DerivedData/FMS-hfphrwjmssehskdanqytyihnrpwd/Build/Intermediates.noindex/Supabase.build/Debug-iphonesimulator/Supabase.build/DerivedSources -Xcc -DSWIFT_PACKAGE -Xcc -DDEBUG\=1 -emit-objc-header -emit-objc-header-path /Users/getsh/Library/Developer/Xcode/DerivedData/FMS-hfphrwjmssehskdanqytyihnrpwd/Build/Intermediates.noindex/Supabase.build/Debug-iphonesimulator/Supabase.build/Objects-normal/arm64/Supabase-Swift.h -working-directory /Users/getsh/Documents/FMS/FMS.xcodeproj -experimental-emit-module-separately -disable-cmo

Copy /Users/getsh/Library/Developer/Xcode/DerivedData/FMS-hfphrwjmssehskdanqytyihnrpwd/Build/Products/Debug-iphonesimulator/Supabase.swiftmodule/arm64-apple-ios-simulator.swiftmodule /Users/getsh/Library/Developer/Xcode/DerivedData/FMS-hfphrwjmssehskdanqytyihnrpwd/Build/Intermediates.noindex/Supabase.build/Debug-iphonesimulator/Supabase.build/Objects-normal/arm64/Supabase.swiftmodule (in target 'Supabase' from project 'Supabase')
    cd /Users/getsh/Documents/FMS/SPMCache/checkouts/supabase-swift
    builtin-copy -exclude .DS_Store -exclude CVS -exclude .svn -exclude .git -exclude .hg -resolve-src-symlinks -rename /Users/getsh/Library/Developer/Xcode/DerivedData/FMS-hfphrwjmssehskdanqytyihnrpwd/Build/Intermediates.noindex/Supabase.build/Debug-iphonesimulator/Supabase.build/Objects-normal/arm64/Supabase.swiftmodule /Users/getsh/Library/Developer/Xcode/DerivedData/FMS-hfphrwjmssehskdanqytyihnrpwd/Build/Products/Debug-iphonesimulator/Supabase.swiftmodule/arm64-apple-ios-simulator.swiftmodule

Copy /Users/getsh/Library/Developer/Xcode/DerivedData/FMS-hfphrwjmssehskdanqytyihnrpwd/Build/Products/Debug-iphonesimulator/Supabase.swiftmodule/arm64-apple-ios-simulator.abi.json /Users/getsh/Library/Developer/Xcode/DerivedData/FMS-hfphrwjmssehskdanqytyihnrpwd/Build/Intermediates.noindex/Supabase.build/Debug-iphonesimulator/Supabase.build/Objects-normal/arm64/Supabase.abi.json (in target 'Supabase' from project 'Supabase')
    cd /Users/getsh/Documents/FMS/SPMCache/checkouts/supabase-swift
    builtin-copy -exclude .DS_Store -exclude CVS -exclude .svn -exclude .git -exclude .hg -resolve-src-symlinks -rename /Users/getsh/Library/Developer/Xcode/DerivedData/FMS-hfphrwjmssehskdanqytyihnrpwd/Build/Intermediates.noindex/Supabase.build/Debug-iphonesimulator/Supabase.build/Objects-normal/arm64/Supabase.abi.json /Users/getsh/Library/Developer/Xcode/DerivedData/FMS-hfphrwjmssehskdanqytyihnrpwd/Build/Products/Debug-iphonesimulator/Supabase.swiftmodule/arm64-apple-ios-simulator.abi.json

SwiftDriver\ Compilation Supabase normal arm64 com.apple.xcode.tools.swift.compiler (in target 'Supabase' from project 'Supabase')
    cd /Users/getsh/Documents/FMS/FMS.xcodeproj
    builtin-Swift-Compilation -- /Applications/Xcode.app/Contents/Developer/Toolchains/XcodeDefault.xctoolchain/usr/bin/swiftc -module-name Supabase -Onone @/Users/getsh/Library/Developer/Xcode/DerivedData/FMS-hfphrwjmssehskdanqytyihnrpwd/Build/Intermediates.noindex/Supabase.build/Debug-iphonesimulator/Supabase.build/Objects-normal/arm64/Supabase.SwiftFileList -DSWIFT_PACKAGE -DDEBUG -DSWIFT_MODULE_RESOURCE_BUNDLE_UNAVAILABLE -DXcode -enable-upcoming-feature ExistentialAny -enable-experimental-feature StrictConcurrency -plugin-path /Applications/Xcode.app/Contents/Developer/Toolchains/XcodeDefault.xctoolchain/usr/lib/swift/host/plugins/testing -enable-experimental-feature DebugDescriptionMacro -sdk /Applications/Xcode.app/Contents/Developer/Platforms/iPhoneSimulator.platform/Developer/SDKs/iPhoneSimulator26.4.sdk -target arm64-apple-ios13.0-simulator -g -module-cache-path /Users/getsh/Library/Developer/Xcode/DerivedData/ModuleCache.noindex -Xfrontend -serialize-debugging-options -enable-testing -suppress-warnings -index-store-path /Users/getsh/Library/Developer/Xcode/DerivedData/FMS-hfphrwjmssehskdanqytyihnrpwd/Index.noindex/DataStore -Xcc -D_LIBCPP_HARDENING_MODE\=_LIBCPP_HARDENING_MODE_DEBUG -swift-version 5 -I /Users/getsh/Library/Developer/Xcode/DerivedData/FMS-hfphrwjmssehskdanqytyihnrpwd/Build/Products/Debug-iphonesimulator -Isystem /Applications/Xcode.app/Contents/Developer/Platforms/iPhoneSimulator.platform/Developer/usr/lib -F /Users/getsh/Library/Developer/Xcode/DerivedData/FMS-hfphrwjmssehskdanqytyihnrpwd/Build/Products/Debug-iphonesimulator/PackageFrameworks -F /Users/getsh/Library/Developer/Xcode/DerivedData/FMS-hfphrwjmssehskdanqytyihnrpwd/Build/Products/Debug-iphonesimulator/PackageFrameworks -F /Users/getsh/Library/Developer/Xcode/DerivedData/FMS-hfphrwjmssehskdanqytyihnrpwd/Build/Products/Debug-iphonesimulator/PackageFrameworks -F /Users/getsh/Library/Developer/Xcode/DerivedData/FMS-hfphrwjmssehskdanqytyihnrpwd/Build/Products/Debug-iphonesimulator/PackageFrameworks -F /Users/getsh/Library/Developer/Xcode/DerivedData/FMS-hfphrwjmssehskdanqytyihnrpwd/Build/Products/Debug-iphonesimulator/PackageFrameworks -F /Users/getsh/Library/Developer/Xcode/DerivedData/FMS-hfphrwjmssehskdanqytyihnrpwd/Build/Products/Debug-iphonesimulator/PackageFrameworks -F /Users/getsh/Library/Developer/Xcode/DerivedData/FMS-hfphrwjmssehskdanqytyihnrpwd/Build/Products/Debug-iphonesimulator/PackageFrameworks -F /Users/getsh/Library/Developer/Xcode/DerivedData/FMS-hfphrwjmssehskdanqytyihnrpwd/Build/Products/Debug-iphonesimulator/PackageFrameworks -F /Users/getsh/Library/Developer/Xcode/DerivedData/FMS-hfphrwjmssehskdanqytyihnrpwd/Build/Products/Debug-iphonesimulator/PackageFrameworks -F /Users/getsh/Library/Developer/Xcode/DerivedData/FMS-hfphrwjmssehskdanqytyihnrpwd/Build/Products/Debug-iphonesimulator/PackageFrameworks -F /Users/getsh/Library/Developer/Xcode/DerivedData/FMS-hfphrwjmssehskdanqytyihnrpwd/Build/Products/Debug-iphonesimulator/PackageFrameworks -F /Users/getsh/Library/Developer/Xcode/DerivedData/FMS-hfphrwjmssehskdanqytyihnrpwd/Build/Products/Debug-iphonesimulator/PackageFrameworks -F /Users/getsh/Library/Developer/Xcode/DerivedData/FMS-hfphrwjmssehskdanqytyihnrpwd/Build/Products/Debug-iphonesimulator/PackageFrameworks -F /Users/getsh/Library/Developer/Xcode/DerivedData/FMS-hfphrwjmssehskdanqytyihnrpwd/Build/Products/Debug-iphonesimulator -F /Applications/Xcode.app/Contents/Developer/Platforms/iPhoneSimulator.platform/Developer/Library/Frameworks -F /Applications/Xcode.app/Contents/Developer/Platforms/iPhoneSimulator.platform/Developer/SDKs/iPhoneSimulator26.4.sdk/Developer/Library/Frameworks -c -j8 -enable-batch-mode -incremental -Xcc -ivfsstatcache -Xcc /Users/getsh/Library/Developer/Xcode/DerivedData/SDKStatCaches.noindex/iphonesimulator26.4-23E252-686eebb5dc1d8ecb277353a59184f4aa.sdkstatcache -output-file-map /Users/getsh/Library/Developer/Xcode/DerivedData/FMS-hfphrwjmssehskdanqytyihnrpwd/Build/Intermediates.noindex/Supabase.build/Debug-iphonesimulator/Supabase.build/Objects-normal/arm64/Supabase-OutputFileMap.json -use-frontend-parseable-output -save-temps -no-color-diagnostics -explicit-module-build -module-cache-path /Users/getsh/Library/Developer/Xcode/DerivedData/FMS-hfphrwjmssehskdanqytyihnrpwd/Build/Intermediates.noindex/SwiftExplicitPrecompiledModules -clang-scanner-module-cache-path /Users/getsh/Library/Developer/Xcode/DerivedData/ModuleCache.noindex -sdk-module-cache-path /Users/getsh/Library/Developer/Xcode/DerivedData/ModuleCache.noindex -serialize-diagnostics -emit-dependencies -emit-module -emit-module-path /Users/getsh/Library/Developer/Xcode/DerivedData/FMS-hfphrwjmssehskdanqytyihnrpwd/Build/Intermediates.noindex/Supabase.build/Debug-iphonesimulator/Supabase.build/Objects-normal/arm64/Supabase.swiftmodule -validate-clang-modules-once -clang-build-session-file /Users/getsh/Library/Developer/Xcode/DerivedData/ModuleCache.noindex/Session.modulevalidation -package-name supabase_swift -Xcc -I/Users/getsh/Library/Developer/Xcode/DerivedData/FMS-hfphrwjmssehskdanqytyihnrpwd/Build/Intermediates.noindex/Supabase.build/Debug-iphonesimulator/Supabase.build/swift-overrides.hmap -emit-const-values -Xfrontend -const-gather-protocols-file -Xfrontend /Users/getsh/Library/Developer/Xcode/DerivedData/FMS-hfphrwjmssehskdanqytyihnrpwd/Build/Intermediates.noindex/Supabase.build/Debug-iphonesimulator/Supabase.build/Objects-normal/arm64/Supabase_const_extract_protocols.json -Xcc -I/Users/getsh/Library/Developer/Xcode/DerivedData/FMS-hfphrwjmssehskdanqytyihnrpwd/Build/Products/Debug-iphonesimulator/include -Xcc -I/Users/getsh/Library/Developer/Xcode/DerivedData/FMS-hfphrwjmssehskdanqytyihnrpwd/Build/Intermediates.noindex/Supabase.build/Debug-iphonesimulator/Supabase.build/DerivedSources-normal/arm64 -Xcc -I/Users/getsh/Library/Developer/Xcode/DerivedData/FMS-hfphrwjmssehskdanqytyihnrpwd/Build/Intermediates.noindex/Supabase.build/Debug-iphonesimulator/Supabase.build/DerivedSources/arm64 -Xcc -I/Users/getsh/Library/Developer/Xcode/DerivedData/FMS-hfphrwjmssehskdanqytyihnrpwd/Build/Intermediates.noindex/Supabase.build/Debug-iphonesimulator/Supabase.build/DerivedSources -Xcc -DSWIFT_PACKAGE -Xcc -DDEBUG\=1 -emit-objc-header -emit-objc-header-path /Users/getsh/Library/Developer/Xcode/DerivedData/FMS-hfphrwjmssehskdanqytyihnrpwd/Build/Intermediates.noindex/Supabase.build/Debug-iphonesimulator/Supabase.build/Objects-normal/arm64/Supabase-Swift.h -working-directory /Users/getsh/Documents/FMS/FMS.xcodeproj -experimental-emit-module-separately -disable-cmo

SwiftDriver FMS normal arm64 com.apple.xcode.tools.swift.compiler (in target 'FMS' from project 'FMS')
    cd /Users/getsh/Documents/FMS
    builtin-SwiftDriver -- /Applications/Xcode.app/Contents/Developer/Toolchains/XcodeDefault.xctoolchain/usr/bin/swiftc -module-name FMS -Onone @/Users/getsh/Library/Developer/Xcode/DerivedData/FMS-hfphrwjmssehskdanqytyihnrpwd/Build/Intermediates.noindex/FMS.build/Debug-iphonesimulator/FMS.build/Objects-normal/arm64/FMS.SwiftFileList -DDEBUG -default-isolation\=MainActor -enable-bare-slash-regex -enable-upcoming-feature DisableOutwardActorInference -enable-upcoming-feature InferSendableFromCaptures -enable-upcoming-feature GlobalActorIsolatedTypesUsability -enable-upcoming-feature MemberImportVisibility -enable-upcoming-feature InferIsolatedConformances -enable-upcoming-feature NonisolatedNonsendingByDefault -enable-experimental-feature DebugDescriptionMacro -sdk /Applications/Xcode.app/Contents/Developer/Platforms/iPhoneSimulator.platform/Developer/SDKs/iPhoneSimulator26.4.sdk -target arm64-apple-ios26.0-simulator -g -module-cache-path /Users/getsh/Library/Developer/Xcode/DerivedData/ModuleCache.noindex -Xfrontend -serialize-debugging-options -enable-testing -index-store-path /Users/getsh/Library/Developer/Xcode/DerivedData/FMS-hfphrwjmssehskdanqytyihnrpwd/Index.noindex/DataStore -Xcc -D_LIBCPP_HARDENING_MODE\=_LIBCPP_HARDENING_MODE_DEBUG -swift-version 5 -I /Users/getsh/Library/Developer/Xcode/DerivedData/FMS-hfphrwjmssehskdanqytyihnrpwd/Build/Products/Debug-iphonesimulator -F /Users/getsh/Library/Developer/Xcode/DerivedData/FMS-hfphrwjmssehskdanqytyihnrpwd/Build/Products/Debug-iphonesimulator/PackageFrameworks -F /Users/getsh/Library/Developer/Xcode/DerivedData/FMS-hfphrwjmssehskdanqytyihnrpwd/Build/Products/Debug-iphonesimulator/PackageFrameworks -F /Users/getsh/Library/Developer/Xcode/DerivedData/FMS-hfphrwjmssehskdanqytyihnrpwd/Build/Products/Debug-iphonesimulator/PackageFrameworks -F /Users/getsh/Library/Developer/Xcode/DerivedData/FMS-hfphrwjmssehskdanqytyihnrpwd/Build/Products/Debug-iphonesimulator/PackageFrameworks -F /Users/getsh/Library/Developer/Xcode/DerivedData/FMS-hfphrwjmssehskdanqytyihnrpwd/Build/Products/Debug-iphonesimulator/PackageFrameworks -F /Users/getsh/Library/Developer/Xcode/DerivedData/FMS-hfphrwjmssehskdanqytyihnrpwd/Build/Products/Debug-iphonesimulator/PackageFrameworks -F /Users/getsh/Library/Developer/Xcode/DerivedData/FMS-hfphrwjmssehskdanqytyihnrpwd/Build/Products/Debug-iphonesimulator/PackageFrameworks -F /Users/getsh/Library/Developer/Xcode/DerivedData/FMS-hfphrwjmssehskdanqytyihnrpwd/Build/Products/Debug-iphonesimulator/PackageFrameworks -F /Users/getsh/Library/Developer/Xcode/DerivedData/FMS-hfphrwjmssehskdanqytyihnrpwd/Build/Products/Debug-iphonesimulator/PackageFrameworks -F /Users/getsh/Library/Developer/Xcode/DerivedData/FMS-hfphrwjmssehskdanqytyihnrpwd/Build/Products/Debug-iphonesimulator/PackageFrameworks -F /Users/getsh/Library/Developer/Xcode/DerivedData/FMS-hfphrwjmssehskdanqytyihnrpwd/Build/Products/Debug-iphonesimulator/PackageFrameworks -F /Users/getsh/Library/Developer/Xcode/DerivedData/FMS-hfphrwjmssehskdanqytyihnrpwd/Build/Products/Debug-iphonesimulator/PackageFrameworks -F /Users/getsh/Library/Developer/Xcode/DerivedData/FMS-hfphrwjmssehskdanqytyihnrpwd/Build/Products/Debug-iphonesimulator/PackageFrameworks -F /Users/getsh/Library/Developer/Xcode/DerivedData/FMS-hfphrwjmssehskdanqytyihnrpwd/Build/Products/Debug-iphonesimulator/PackageFrameworks -F /Users/getsh/Library/Developer/Xcode/DerivedData/FMS-hfphrwjmssehskdanqytyihnrpwd/Build/Products/Debug-iphonesimulator -emit-localized-strings -emit-localized-strings-path /Users/getsh/Library/Developer/Xcode/DerivedData/FMS-hfphrwjmssehskdanqytyihnrpwd/Build/Intermediates.noindex/FMS.build/Debug-iphonesimulator/FMS.build/Objects-normal/arm64 -c -j8 -enable-batch-mode -incremental -Xcc -ivfsstatcache -Xcc /Users/getsh/Library/Developer/Xcode/DerivedData/SDKStatCaches.noindex/iphonesimulator26.4-23E252-686eebb5dc1d8ecb277353a59184f4aa.sdkstatcache -output-file-map /Users/getsh/Library/Developer/Xcode/DerivedData/FMS-hfphrwjmssehskdanqytyihnrpwd/Build/Intermediates.noindex/FMS.build/Debug-iphonesimulator/FMS.build/Objects-normal/arm64/FMS-OutputFileMap.json -use-frontend-parseable-output -save-temps -no-color-diagnostics -explicit-module-build -module-cache-path /Users/getsh/Library/Developer/Xcode/DerivedData/FMS-hfphrwjmssehskdanqytyihnrpwd/Build/Intermediates.noindex/SwiftExplicitPrecompiledModules -clang-scanner-module-cache-path /Users/getsh/Library/Developer/Xcode/DerivedData/ModuleCache.noindex -sdk-module-cache-path /Users/getsh/Library/Developer/Xcode/DerivedData/ModuleCache.noindex -serialize-diagnostics -emit-dependencies -emit-module -emit-module-path /Users/getsh/Library/Developer/Xcode/DerivedData/FMS-hfphrwjmssehskdanqytyihnrpwd/Build/Intermediates.noindex/FMS.build/Debug-iphonesimulator/FMS.build/Objects-normal/arm64/FMS.swiftmodule -validate-clang-modules-once -clang-build-session-file /Users/getsh/Library/Developer/Xcode/DerivedData/ModuleCache.noindex/Session.modulevalidation -Xcc -I/Users/getsh/Library/Developer/Xcode/DerivedData/FMS-hfphrwjmssehskdanqytyihnrpwd/Build/Intermediates.noindex/FMS.build/Debug-iphonesimulator/FMS.build/swift-overrides.hmap -emit-const-values -Xfrontend -const-gather-protocols-file -Xfrontend /Users/getsh/Library/Developer/Xcode/DerivedData/FMS-hfphrwjmssehskdanqytyihnrpwd/Build/Intermediates.noindex/FMS.build/Debug-iphonesimulator/FMS.build/Objects-normal/arm64/FMS_const_extract_protocols.json -Xcc -iquote -Xcc /Users/getsh/Library/Developer/Xcode/DerivedData/FMS-hfphrwjmssehskdanqytyihnrpwd/Build/Intermediates.noindex/FMS.build/Debug-iphonesimulator/FMS.build/FMS-generated-files.hmap -Xcc -I/Users/getsh/Library/Developer/Xcode/DerivedData/FMS-hfphrwjmssehskdanqytyihnrpwd/Build/Intermediates.noindex/FMS.build/Debug-iphonesimulator/FMS.build/FMS-own-target-headers.hmap -Xcc -I/Users/getsh/Library/Developer/Xcode/DerivedData/FMS-hfphrwjmssehskdanqytyihnrpwd/Build/Intermediates.noindex/FMS.build/Debug-iphonesimulator/FMS.build/FMS-all-non-framework-target-headers.hmap -Xcc -ivfsoverlay -Xcc /Users/getsh/Library/Developer/Xcode/DerivedData/FMS-hfphrwjmssehskdanqytyihnrpwd/Build/Intermediates.noindex/FMS.build/Debug-iphonesimulator/FMS-09ac764f5f6a6aaea0b26801b5883ea5-VFS-iphonesimulator/all-product-headers.yaml -Xcc -iquote -Xcc /Users/getsh/Library/Developer/Xcode/DerivedData/FMS-hfphrwjmssehskdanqytyihnrpwd/Build/Intermediates.noindex/FMS.build/Debug-iphonesimulator/FMS.build/FMS-project-headers.hmap -Xcc -I/Users/getsh/Library/Developer/Xcode/DerivedData/FMS-hfphrwjmssehskdanqytyihnrpwd/Build/Products/Debug-iphonesimulator/include -Xcc -I/Users/getsh/Library/Developer/Xcode/DerivedData/FMS-hfphrwjmssehskdanqytyihnrpwd/Build/Intermediates.noindex/FMS.build/Debug-iphonesimulator/FMS.build/DerivedSources-normal/arm64 -Xcc -I/Users/getsh/Library/Developer/Xcode/DerivedData/FMS-hfphrwjmssehskdanqytyihnrpwd/Build/Intermediates.noindex/FMS.build/Debug-iphonesimulator/FMS.build/DerivedSources/arm64 -Xcc -I/Users/getsh/Library/Developer/Xcode/DerivedData/FMS-hfphrwjmssehskdanqytyihnrpwd/Build/Intermediates.noindex/FMS.build/Debug-iphonesimulator/FMS.build/DerivedSources -Xcc -DDEBUG\=1 -emit-objc-header -emit-objc-header-path /Users/getsh/Library/Developer/Xcode/DerivedData/FMS-hfphrwjmssehskdanqytyihnrpwd/Build/Intermediates.noindex/FMS.build/Debug-iphonesimulator/FMS.build/Objects-normal/arm64/FMS-Swift.h -working-directory /Users/getsh/Documents/FMS -experimental-emit-module-separately -disable-cmo

SwiftDriver FMS normal x86_64 com.apple.xcode.tools.swift.compiler (in target 'FMS' from project 'FMS')
    cd /Users/getsh/Documents/FMS
    builtin-SwiftDriver -- /Applications/Xcode.app/Contents/Developer/Toolchains/XcodeDefault.xctoolchain/usr/bin/swiftc -module-name FMS -Onone @/Users/getsh/Library/Developer/Xcode/DerivedData/FMS-hfphrwjmssehskdanqytyihnrpwd/Build/Intermediates.noindex/FMS.build/Debug-iphonesimulator/FMS.build/Objects-normal/x86_64/FMS.SwiftFileList -DDEBUG -default-isolation\=MainActor -enable-bare-slash-regex -enable-upcoming-feature DisableOutwardActorInference -enable-upcoming-feature InferSendableFromCaptures -enable-upcoming-feature GlobalActorIsolatedTypesUsability -enable-upcoming-feature MemberImportVisibility -enable-upcoming-feature InferIsolatedConformances -enable-upcoming-feature NonisolatedNonsendingByDefault -enable-experimental-feature DebugDescriptionMacro -sdk /Applications/Xcode.app/Contents/Developer/Platforms/iPhoneSimulator.platform/Developer/SDKs/iPhoneSimulator26.4.sdk -target x86_64-apple-ios26.0-simulator -g -module-cache-path /Users/getsh/Library/Developer/Xcode/DerivedData/ModuleCache.noindex -Xfrontend -serialize-debugging-options -enable-testing -index-store-path /Users/getsh/Library/Developer/Xcode/DerivedData/FMS-hfphrwjmssehskdanqytyihnrpwd/Index.noindex/DataStore -Xcc -D_LIBCPP_HARDENING_MODE\=_LIBCPP_HARDENING_MODE_DEBUG -swift-version 5 -I /Users/getsh/Library/Developer/Xcode/DerivedData/FMS-hfphrwjmssehskdanqytyihnrpwd/Build/Products/Debug-iphonesimulator -F /Users/getsh/Library/Developer/Xcode/DerivedData/FMS-hfphrwjmssehskdanqytyihnrpwd/Build/Products/Debug-iphonesimulator/PackageFrameworks -F /Users/getsh/Library/Developer/Xcode/DerivedData/FMS-hfphrwjmssehskdanqytyihnrpwd/Build/Products/Debug-iphonesimulator/PackageFrameworks -F /Users/getsh/Library/Developer/Xcode/DerivedData/FMS-hfphrwjmssehskdanqytyihnrpwd/Build/Products/Debug-iphonesimulator/PackageFrameworks -F /Users/getsh/Library/Developer/Xcode/DerivedData/FMS-hfphrwjmssehskdanqytyihnrpwd/Build/Products/Debug-iphonesimulator/PackageFrameworks -F /Users/getsh/Library/Developer/Xcode/DerivedData/FMS-hfphrwjmssehskdanqytyihnrpwd/Build/Products/Debug-iphonesimulator/PackageFrameworks -F /Users/getsh/Library/Developer/Xcode/DerivedData/FMS-hfphrwjmssehskdanqytyihnrpwd/Build/Products/Debug-iphonesimulator/PackageFrameworks -F /Users/getsh/Library/Developer/Xcode/DerivedData/FMS-hfphrwjmssehskdanqytyihnrpwd/Build/Products/Debug-iphonesimulator/PackageFrameworks -F /Users/getsh/Library/Developer/Xcode/DerivedData/FMS-hfphrwjmssehskdanqytyihnrpwd/Build/Products/Debug-iphonesimulator/PackageFrameworks -F /Users/getsh/Library/Developer/Xcode/DerivedData/FMS-hfphrwjmssehskdanqytyihnrpwd/Build/Products/Debug-iphonesimulator/PackageFrameworks -F /Users/getsh/Library/Developer/Xcode/DerivedData/FMS-hfphrwjmssehskdanqytyihnrpwd/Build/Products/Debug-iphonesimulator/PackageFrameworks -F /Users/getsh/Library/Developer/Xcode/DerivedData/FMS-hfphrwjmssehskdanqytyihnrpwd/Build/Products/Debug-iphonesimulator/PackageFrameworks -F /Users/getsh/Library/Developer/Xcode/DerivedData/FMS-hfphrwjmssehskdanqytyihnrpwd/Build/Products/Debug-iphonesimulator/PackageFrameworks -F /Users/getsh/Library/Developer/Xcode/DerivedData/FMS-hfphrwjmssehskdanqytyihnrpwd/Build/Products/Debug-iphonesimulator/PackageFrameworks -F /Users/getsh/Library/Developer/Xcode/DerivedData/FMS-hfphrwjmssehskdanqytyihnrpwd/Build/Products/Debug-iphonesimulator/PackageFrameworks -F /Users/getsh/Library/Developer/Xcode/DerivedData/FMS-hfphrwjmssehskdanqytyihnrpwd/Build/Products/Debug-iphonesimulator -emit-localized-strings -emit-localized-strings-path /Users/getsh/Library/Developer/Xcode/DerivedData/FMS-hfphrwjmssehskdanqytyihnrpwd/Build/Intermediates.noindex/FMS.build/Debug-iphonesimulator/FMS.build/Objects-normal/x86_64 -c -j8 -enable-batch-mode -incremental -Xcc -ivfsstatcache -Xcc /Users/getsh/Library/Developer/Xcode/DerivedData/SDKStatCaches.noindex/iphonesimulator26.4-23E252-686eebb5dc1d8ecb277353a59184f4aa.sdkstatcache -output-file-map /Users/getsh/Library/Developer/Xcode/DerivedData/FMS-hfphrwjmssehskdanqytyihnrpwd/Build/Intermediates.noindex/FMS.build/Debug-iphonesimulator/FMS.build/Objects-normal/x86_64/FMS-OutputFileMap.json -use-frontend-parseable-output -save-temps -no-color-diagnostics -explicit-module-build -module-cache-path /Users/getsh/Library/Developer/Xcode/DerivedData/FMS-hfphrwjmssehskdanqytyihnrpwd/Build/Intermediates.noindex/SwiftExplicitPrecompiledModules -clang-scanner-module-cache-path /Users/getsh/Library/Developer/Xcode/DerivedData/ModuleCache.noindex -sdk-module-cache-path /Users/getsh/Library/Developer/Xcode/DerivedData/ModuleCache.noindex -serialize-diagnostics -emit-dependencies -emit-module -emit-module-path /Users/getsh/Library/Developer/Xcode/DerivedData/FMS-hfphrwjmssehskdanqytyihnrpwd/Build/Intermediates.noindex/FMS.build/Debug-iphonesimulator/FMS.build/Objects-normal/x86_64/FMS.swiftmodule -validate-clang-modules-once -clang-build-session-file /Users/getsh/Library/Developer/Xcode/DerivedData/ModuleCache.noindex/Session.modulevalidation -Xcc -I/Users/getsh/Library/Developer/Xcode/DerivedData/FMS-hfphrwjmssehskdanqytyihnrpwd/Build/Intermediates.noindex/FMS.build/Debug-iphonesimulator/FMS.build/swift-overrides.hmap -emit-const-values -Xfrontend -const-gather-protocols-file -Xfrontend /Users/getsh/Library/Developer/Xcode/DerivedData/FMS-hfphrwjmssehskdanqytyihnrpwd/Build/Intermediates.noindex/FMS.build/Debug-iphonesimulator/FMS.build/Objects-normal/x86_64/FMS_const_extract_protocols.json -Xcc -iquote -Xcc /Users/getsh/Library/Developer/Xcode/DerivedData/FMS-hfphrwjmssehskdanqytyihnrpwd/Build/Intermediates.noindex/FMS.build/Debug-iphonesimulator/FMS.build/FMS-generated-files.hmap -Xcc -I/Users/getsh/Library/Developer/Xcode/DerivedData/FMS-hfphrwjmssehskdanqytyihnrpwd/Build/Intermediates.noindex/FMS.build/Debug-iphonesimulator/FMS.build/FMS-own-target-headers.hmap -Xcc -I/Users/getsh/Library/Developer/Xcode/DerivedData/FMS-hfphrwjmssehskdanqytyihnrpwd/Build/Intermediates.noindex/FMS.build/Debug-iphonesimulator/FMS.build/FMS-all-non-framework-target-headers.hmap -Xcc -ivfsoverlay -Xcc /Users/getsh/Library/Developer/Xcode/DerivedData/FMS-hfphrwjmssehskdanqytyihnrpwd/Build/Intermediates.noindex/FMS.build/Debug-iphonesimulator/FMS-09ac764f5f6a6aaea0b26801b5883ea5-VFS-iphonesimulator/all-product-headers.yaml -Xcc -iquote -Xcc /Users/getsh/Library/Developer/Xcode/DerivedData/FMS-hfphrwjmssehskdanqytyihnrpwd/Build/Intermediates.noindex/FMS.build/Debug-iphonesimulator/FMS.build/FMS-project-headers.hmap -Xcc -I/Users/getsh/Library/Developer/Xcode/DerivedData/FMS-hfphrwjmssehskdanqytyihnrpwd/Build/Products/Debug-iphonesimulator/include -Xcc -I/Users/getsh/Library/Developer/Xcode/DerivedData/FMS-hfphrwjmssehskdanqytyihnrpwd/Build/Intermediates.noindex/FMS.build/Debug-iphonesimulator/FMS.build/DerivedSources-normal/x86_64 -Xcc -I/Users/getsh/Library/Developer/Xcode/DerivedData/FMS-hfphrwjmssehskdanqytyihnrpwd/Build/Intermediates.noindex/FMS.build/Debug-iphonesimulator/FMS.build/DerivedSources/x86_64 -Xcc -I/Users/getsh/Library/Developer/Xcode/DerivedData/FMS-hfphrwjmssehskdanqytyihnrpwd/Build/Intermediates.noindex/FMS.build/Debug-iphonesimulator/FMS.build/DerivedSources -Xcc -DDEBUG\=1 -emit-objc-header -emit-objc-header-path /Users/getsh/Library/Developer/Xcode/DerivedData/FMS-hfphrwjmssehskdanqytyihnrpwd/Build/Intermediates.noindex/FMS.build/Debug-iphonesimulator/FMS.build/Objects-normal/x86_64/FMS-Swift.h -working-directory /Users/getsh/Documents/FMS -experimental-emit-module-separately -disable-cmo

LinkAssetCatalog /Users/getsh/Documents/FMS/FMS/Assets.xcassets (in target 'FMS' from project 'FMS')
    cd /Users/getsh/Documents/FMS
    builtin-linkAssetCatalog --thinned /Users/getsh/Library/Developer/Xcode/DerivedData/FMS-hfphrwjmssehskdanqytyihnrpwd/Build/Intermediates.noindex/FMS.build/Debug-iphonesimulator/FMS.build/assetcatalog_output/thinned --thinned-dependencies /Users/getsh/Library/Developer/Xcode/DerivedData/FMS-hfphrwjmssehskdanqytyihnrpwd/Build/Intermediates.noindex/FMS.build/Debug-iphonesimulator/FMS.build/assetcatalog_dependencies_thinned --thinned-info-plist-content /Users/getsh/Library/Developer/Xcode/DerivedData/FMS-hfphrwjmssehskdanqytyihnrpwd/Build/Intermediates.noindex/FMS.build/Debug-iphonesimulator/FMS.build/assetcatalog_generated_info.plist_thinned --unthinned /Users/getsh/Library/Developer/Xcode/DerivedData/FMS-hfphrwjmssehskdanqytyihnrpwd/Build/Intermediates.noindex/FMS.build/Debug-iphonesimulator/FMS.build/assetcatalog_output/unthinned --unthinned-dependencies /Users/getsh/Library/Developer/Xcode/DerivedData/FMS-hfphrwjmssehskdanqytyihnrpwd/Build/Intermediates.noindex/FMS.build/Debug-iphonesimulator/FMS.build/assetcatalog_dependencies_unthinned --unthinned-info-plist-content /Users/getsh/Library/Developer/Xcode/DerivedData/FMS-hfphrwjmssehskdanqytyihnrpwd/Build/Intermediates.noindex/FMS.build/Debug-iphonesimulator/FMS.build/assetcatalog_generated_info.plist_unthinned --output /Users/getsh/Library/Developer/Xcode/DerivedData/FMS-hfphrwjmssehskdanqytyihnrpwd/Build/Products/Debug-iphonesimulator/FMS.app --plist-output /Users/getsh/Library/Developer/Xcode/DerivedData/FMS-hfphrwjmssehskdanqytyihnrpwd/Build/Intermediates.noindex/FMS.build/Debug-iphonesimulator/FMS.build/assetcatalog_generated_info.plist
note: Emplaced /Users/getsh/Library/Developer/Xcode/DerivedData/FMS-hfphrwjmssehskdanqytyihnrpwd/Build/Products/Debug-iphonesimulator/FMS.app/AppIcon60x60@2x.png (in target 'FMS' from project 'FMS')
note: Emplaced /Users/getsh/Library/Developer/Xcode/DerivedData/FMS-hfphrwjmssehskdanqytyihnrpwd/Build/Products/Debug-iphonesimulator/FMS.app/Assets.car (in target 'FMS' from project 'FMS')
note: Emplaced /Users/getsh/Library/Developer/Xcode/DerivedData/FMS-hfphrwjmssehskdanqytyihnrpwd/Build/Products/Debug-iphonesimulator/FMS.app/AppIcon76x76@2x~ipad.png (in target 'FMS' from project 'FMS')

ProcessInfoPlistFile /Users/getsh/Library/Developer/Xcode/DerivedData/FMS-hfphrwjmssehskdanqytyihnrpwd/Build/Products/Debug-iphonesimulator/FMS.app/Info.plist /Users/getsh/Documents/FMS/Info.plist (in target 'FMS' from project 'FMS')
    cd /Users/getsh/Documents/FMS
    builtin-infoPlistUtility /Users/getsh/Documents/FMS/Info.plist -producttype com.apple.product-type.application -genpkginfo /Users/getsh/Library/Developer/Xcode/DerivedData/FMS-hfphrwjmssehskdanqytyihnrpwd/Build/Products/Debug-iphonesimulator/FMS.app/PkgInfo -expandbuildsettings -format binary -platform iphonesimulator -additionalcontentfile /Users/getsh/Library/Developer/Xcode/DerivedData/FMS-hfphrwjmssehskdanqytyihnrpwd/Build/Intermediates.noindex/FMS.build/Debug-iphonesimulator/FMS.build/assetcatalog_generated_info.plist -scanforprivacyfile /Users/getsh/Library/Developer/Xcode/DerivedData/FMS-hfphrwjmssehskdanqytyihnrpwd/Build/Products/Debug-iphonesimulator/FMS.app/swift-crypto_Crypto.bundle -o /Users/getsh/Library/Developer/Xcode/DerivedData/FMS-hfphrwjmssehskdanqytyihnrpwd/Build/Products/Debug-iphonesimulator/FMS.app/Info.plist

SwiftEmitModule normal arm64 Emitting\ module\ for\ FMS (in target 'FMS' from project 'FMS')

EmitSwiftModule normal arm64 (in target 'FMS' from project 'FMS')
    cd /Users/getsh/Documents/FMS
    

SwiftCompile normal arm64 Compiling\ DriverDashboardView.swift /Users/getsh/Documents/FMS/FMS/Views/Driver/DriverDashboardView.swift (in target 'FMS' from project 'FMS')
Failed frontend command:
/Applications/Xcode.app/Contents/Developer/Toolchains/XcodeDefault.xctoolchain/usr/bin/swift-frontend -frontend -c /Users/getsh/Documents/FMS/FMS/Components/NotificationToolbarIcon.swift /Users/getsh/Documents/FMS/FMS/Components/SharedComponents.swift /Users/getsh/Documents/FMS/FMS/Maps/FleetGeofence.swift /Users/getsh/Documents/FMS/FMS/Maps/FleetMapFullView.swift /Users/getsh/Documents/FMS/FMS/Maps/FleetMapModels.swift /Users/getsh/Documents/FMS/FMS/Maps/FleetMapPinView.swift /Users/getsh/Documents/FMS/FMS/Maps/FleetMapPreview.swift /Users/getsh/Documents/FMS/FMS/Maps/FleetRouteMapView.swift /Users/getsh/Documents/FMS/FMS/Maps/FleetVehicleDetailSheet.swift /Users/getsh/Documents/FMS/FMS/Maps/TripRoutePlan.swift /Users/getsh/Documents/FMS/FMS/Maps/TripRoutesMapView.swift /Users/getsh/Documents/FMS/FMS/Maps/VehicleMapSymbol.swift /Users/getsh/Documents/FMS/FMS/Models/BroadcastMessage.swift /Users/getsh/Documents/FMS/FMS/Models/DomainModels.swift /Users/getsh/Documents/FMS/FMS/Models/FuelTransaction.swift /Users/getsh/Documents/FMS/FMS/Models/ReportModels.swift /Users/getsh/Documents/FMS/FMS/Services/BroadcastService.swift /Users/getsh/Documents/FMS/FMS/Services/FleetReportChartRenderer.swift /Users/getsh/Documents/FMS/FMS/Services/FleetReportPDFGenerator.swift /Users/getsh/Documents/FMS/FMS/Services/FleetReportService.swift /Users/getsh/Documents/FMS/FMS/Services/FuelRepository.swift /Users/getsh/Documents/FMS/FMS/Services/FuelService.swift /Users/getsh/Documents/FMS/FMS/Services/LocationSearchService.swift /Users/getsh/Documents/FMS/FMS/Services/MockDataService.swift /Users/getsh/Documents/FMS/FMS/Services/NotificationScheduler.swift /Users/getsh/Documents/FMS/FMS/Services/OverdueWorkOrderMonitor.swift /Users/getsh/Documents/FMS/FMS/Services/SpeechTranscriptionService.swift /Users/getsh/Documents/FMS/FMS/Services/SupabaseConfig.swift /Users/getsh/Documents/FMS/FMS/Services/SupabaseService.swift /Users/getsh/Documents/FMS/FMS/Services/TripRoutePlanningService.swift /Users/getsh/Documents/FMS/FMS/Utilities/AppBranding.swift /Users/getsh/Documents/FMS/FMS/Utilities/AppTheme.swift /Users/getsh/Documents/FMS/FMS/Utilities/NotificationManager.swift /Users/getsh/Documents/FMS/FMS/Utilities/TabBarSheetVisibility.swift /Users/getsh/Documents/FMS/FMS/ViewModels/AppViewModel.swift /Users/getsh/Documents/FMS/FMS/ViewModels/AssignDriverViewModel.swift /Users/getsh/Documents/FMS/FMS/ViewModels/DashboardViewModels.swift /Users/getsh/Documents/FMS/FMS/ViewModels/DriverAssignmentViewModel.swift /Users/getsh/Documents/FMS/FMS/ViewModels/DriverViewModel.swift /Users/getsh/Documents/FMS/FMS/ViewModels/FuelViewModel.swift /Users/getsh/Documents/FMS/FMS/ViewModels/UserManagementViewModel.swift /Users/getsh/Documents/FMS/FMS/ViewModels/VehicleManagementViewModel.swift /Users/getsh/Documents/FMS/FMS/ViewModels/WorkOrderManagementViewModel.swift /Users/getsh/Documents/FMS/FMS/Views/App/MainTabView.swift /Users/getsh/Documents/FMS/FMS/Views/App/RootAppView.swift /Users/getsh/Documents/FMS/FMS/Views/Auth/DemoRoleSelectionView.swift /Users/getsh/Documents/FMS/FMS/Views/Auth/LoginView.swift /Users/getsh/Documents/FMS/FMS/Views/Auth/OnboardingView.swift /Users/getsh/Documents/FMS/FMS/Views/Auth/PasswordResetView.swift /Users/getsh/Documents/FMS/FMS/Views/Auth/SplashView.swift /Users/getsh/Documents/FMS/FMS/Views/Driver/AssignedRoutesView.swift /Users/getsh/Documents/FMS/FMS/Views/Driver/BroadcastInboxView.swift /Users/getsh/Documents/FMS/FMS/Views/Driver/BroadcastRowView.swift /Users/getsh/Documents/FMS/FMS/Views/Driver/CameraView.swift /Users/getsh/Documents/FMS/FMS/Views/Driver/DefectReportView.swift -primary-file /Users/getsh/Documents/FMS/FMS/Views/Driver/DriverDashboardView.swift /Users/getsh/Documents/FMS/FMS/Views/Driver/DriverProfileView.swift /Users/getsh/Documents/FMS/FMS/Views/Driver/DriverSafetyView.swift /Users/getsh/Documents/FMS/FMS/Views/Driver/DriverShiftDetailView.swift /Users/getsh/Documents/FMS/FMS/Views/Driver/DriverTripsView.swift /Users/getsh/Documents/FMS/FMS/Views/Driver/DriverVehicleTripDetailView.swift /Users/getsh/Documents/FMS/FMS/Views/Driver/FuelReceiptScannerView.swift /Users/getsh/Documents/FMS/FMS/Views/Driver/FuelReceiptView.swift /Users/getsh/Documents/FMS/FMS/Views/Driver/InspectionsView.swift /Users/getsh/Documents/FMS/FMS/Views/Driver/MaintenanceChatView.swift /Users/getsh/Documents/FMS/FMS/Views/Driver/PreTripInspectionView.swift /Users/getsh/Documents/FMS/FMS/Views/Driver/SOSSheetView.swift /Users/getsh/Documents/FMS/FMS/Views/Driver/TripBreakLogSheet.swift /Users/getsh/Documents/FMS/FMS/Views/Driver/TripDetailView.swift /Users/getsh/Documents/FMS/FMS/Views/Driver/TripEndInspectionSheet.swift /Users/getsh/Documents/FMS/FMS/Views/Driver/TripStartInspectionSheet.swift /Users/getsh/Documents/FMS/FMS/Views/FleetManager/KPIViews/ActiveVehiclesDetailView.swift /Users/getsh/Documents/FMS/FMS/Views/FleetManager/KPIViews/ExpiringDocumentsDetailView.swift /Users/getsh/Documents/FMS/FMS/Views/FleetManager/KPIViews/FuelDashboardCard.swift /Users/getsh/Documents/FMS/FMS/Views/FleetManager/KPIViews/FuelSpendDetailView.swift /Users/getsh/Documents/FMS/FMS/Views/FleetManager/PriorityAlert/PriorityAlertsListView.swift /Users/getsh/Documents/FMS/FMS/Views/FleetManager/AIPredictionDashboardView.swift /Users/getsh/Documents/FMS/FMS/Views/FleetManager/AssignDriverTripView.swift /Users/getsh/Documents/FMS/FMS/Views/FleetManager/AssignDriverView.swift /Users/getsh/Documents/FMS/FMS/Views/FleetManager/BroadcastComposeView.swift /Users/getsh/Documents/FMS/FMS/Views/FleetManager/DefectReportsListView.swift /Users/getsh/Documents/FMS/FMS/Views/FleetManager/DriverAssignmentManagementView.swift /Users/getsh/Documents/FMS/FMS/Views/FleetManager/FleetManagerDashboardView.swift /Users/getsh/Documents/FMS/FMS/Views/FleetManager/FleetManagerTripsView.swift /Users/getsh/Documents/FMS/FMS/Views/FleetManager/FleetReportsAnalyticsView.swift /Users/getsh/Documents/FMS/FMS/Views/FleetManager/FleetTripDetailSheet.swift /Users/getsh/Documents/FMS/FMS/Views/FleetManager/FleetUtilizationDetailView.swift /Users/getsh/Documents/FMS/FMS/Views/FleetManager/FuelTransactionsListView.swift /Users/getsh/Documents/FMS/FMS/Views/FleetManager/MaintenanceTabContentView.swift /Users/getsh/Documents/FMS/FMS/Views/FleetManager/PriorityAlertDetailView.swift /Users/getsh/Documents/FMS/FMS/Views/FleetManager/TeamView.swift /Users/getsh/Documents/FMS/FMS/Views/FleetManager/UserManagementView.swift /Users/getsh/Documents/FMS/FMS/Views/FleetManager/VehicleManagementView.swift /Users/getsh/Documents/FMS/FMS/Views/FleetManager/WorkOrderManagementView.swift /Users/getsh/Documents/FMS/FMS/Views/Maintenance/CompleteWorkOrderView.swift /Users/getsh/Documents/FMS/FMS/Views/Maintenance/MaintenanceCalendarView.swift /Users/getsh/Documents/FMS/FMS/Views/Maintenance/MaintenanceDashboardView.swift /Users/getsh/Documents/FMS/FMS/Views/Maintenance/MaintenanceInventoryView.swift /Users/getsh/Documents/FMS/FMS/Views/Maintenance/MaintenanceReportsView.swift /Users/getsh/Documents/FMS/FMS/Views/Maintenance/MaintenanceScheduleView.swift /Users/getsh/Documents/FMS/FMS/Views/Maintenance/MaintenanceWorkOrdersView.swift /Users/getsh/Documents/FMS/FMS/Views/Maintenance/PastPartOrdersView.swift /Users/getsh/Documents/FMS/FMS/Views/Maintenance/PendingVehiclesView.swift /Users/getsh/Documents/FMS/FMS/Views/Maintenance/WorkOrderCompletionSuccessView.swift /Users/getsh/Documents/FMS/FMS/Views/Shared/AppSettingsView.swift /Users/getsh/Documents/FMS/FMS/Views/Shared/FuelTransactionDetailView.swift /Users/getsh/Documents/FMS/FMS/Views/Shared/HelpSupportView.swift /Users/getsh/Documents/FMS/FMS/Views/Shared/ImagePreviewSheet.swift /Users/getsh/Documents/FMS/FMS/Views/Shared/NotificationsView.swift /Users/getsh/Documents/FMS/FMS/Views/Shared/ProfileSettingsView.swift /Users/getsh/Documents/FMS/FMS/Views/Shared/WorkOrderChatView.swift /Users/getsh/Documents/FMS/FMS/Views/RefuelVehicleView.swift /Users/getsh/Documents/FMS/FMS/AppDelegate.swift /Users/getsh/Documents/FMS/FMS/ContentView.swift /Users/getsh/Documents/FMS/FMS/FMSApp.swift /Users/getsh/Library/Developer/Xcode/DerivedData/FMS-hfphrwjmssehskdanqytyihnrpwd/Build/Intermediates.noindex/FMS.build/Debug-iphonesimulator/FMS.build/DerivedSources/GeneratedAssetSymbols.swift -emit-dependencies-path /Users/getsh/Library/Developer/Xcode/DerivedData/FMS-hfphrwjmssehskdanqytyihnrpwd/Build/Intermediates.noindex/FMS.build/Debug-iphonesimulator/FMS.build/Objects-normal/arm64/DriverDashboardView.d -emit-const-values-path /Users/getsh/Library/Developer/Xcode/DerivedData/FMS-hfphrwjmssehskdanqytyihnrpwd/Build/Intermediates.noindex/FMS.build/Debug-iphonesimulator/FMS.build/Objects-normal/arm64/DriverDashboardView.swiftconstvalues -emit-reference-dependencies-path /Users/getsh/Library/Developer/Xcode/DerivedData/FMS-hfphrwjmssehskdanqytyihnrpwd/Build/Intermediates.noindex/FMS.build/Debug-iphonesimulator/FMS.build/Objects-normal/arm64/DriverDashboardView.swiftdeps -serialize-diagnostics-path /Users/getsh/Library/Developer/Xcode/DerivedData/FMS-hfphrwjmssehskdanqytyihnrpwd/Build/Intermediates.noindex/FMS.build/Debug-iphonesimulator/FMS.build/Objects-normal/arm64/DriverDashboardView.dia -emit-localized-strings -emit-localized-strings-path /Users/getsh/Library/Developer/Xcode/DerivedData/FMS-hfphrwjmssehskdanqytyihnrpwd/Build/Intermediates.noindex/FMS.build/Debug-iphonesimulator/FMS.build/Objects-normal/arm64 -target arm64-apple-ios26.0-simulator -module-can-import-version DeveloperToolsSupport 23.40.26 23.40.26 -module-can-import-version SwiftUI 7.4.27.1 7.4.27 -module-can-import-version UIKit 9126.4.27.1 9126.4.27 -disable-cross-import-overlay-search -swift-module-cross-import MapKit /Applications/Xcode.app/Contents/Developer/Platforms/iPhoneSimulator.platform/Developer/SDKs/iPhoneSimulator.sdk/System/Library/Frameworks/MapKit.framework/Modules/MapKit.swiftcrossimport/SwiftUI.swiftoverlay -swift-module-cross-import PhotosUI /Applications/Xcode.app/Contents/Developer/Platforms/iPhoneSimulator.platform/Developer/SDKs/iPhoneSimulator.sdk/System/Library/Frameworks/PhotosUI.framework/Modules/PhotosUI.swiftcrossimport/SwiftUI.swiftoverlay -swift-module-cross-import PhotosUI /Applications/Xcode.app/Contents/Developer/Platforms/iPhoneSimulator.platform/Developer/SDKs/iPhoneSimulator.sdk/System/Library/Frameworks/PhotosUI.framework/Modules/PhotosUI.swiftcrossimport/WidgetKit.swiftoverlay -swift-module-cross-import PhotosUI /Applications/Xcode.app/Contents/Developer/Platforms/iPhoneSimulator.platform/Developer/SDKs/iPhoneSimulator26.4.sdk/System/Library/Frameworks/PhotosUI.framework/Modules/PhotosUI.swiftcrossimport/SwiftUI.swiftoverlay -swift-module-cross-import PhotosUI /Applications/Xcode.app/Contents/Developer/Platforms/iPhoneSimulator.platform/Developer/SDKs/iPhoneSimulator26.4.sdk/System/Library/Frameworks/PhotosUI.framework/Modules/PhotosUI.swiftcrossimport/WidgetKit.swiftoverlay -load-resolved-plugin /Applications/Xcode.app/Contents/Developer/Platforms/iPhoneOS.platform/Developer/usr/lib/swift/host/plugins/libFoundationMacros.dylib\#/Applications/Xcode.app/Contents/Developer/Platforms/iPhoneOS.platform/Developer/usr/bin/swift-plugin-server\#FoundationMacros -load-resolved-plugin /Applications/Xcode.app/Contents/Developer/Platforms/iPhoneOS.platform/Developer/usr/lib/swift/host/plugins/libObservationMacros.dylib\#/Applications/Xcode.app/Contents/Developer/Platforms/iPhoneOS.platform/Developer/usr/bin/swift-plugin-server\#ObservationMacros -load-resolved-plugin /Applications/Xcode.app/Contents/Developer/Platforms/iPhoneOS.platform/Developer/usr/lib/swift/host/plugins/libPreviewsMacros.dylib\#/Applications/Xcode.app/Contents/Developer/Platforms/iPhoneOS.platform/Developer/usr/bin/swift-plugin-server\#PreviewsMacros -load-resolved-plugin /Applications/Xcode.app/Contents/Developer/Platforms/iPhoneOS.platform/Developer/usr/lib/swift/host/plugins/libSwiftMacros.dylib\#/Applications/Xcode.app/Contents/Developer/Platforms/iPhoneOS.platform/Developer/usr/bin/swift-plugin-server\#SwiftMacros -load-resolved-plugin /Applications/Xcode.app/Contents/Developer/Platforms/iPhoneOS.platform/Developer/usr/lib/swift/host/plugins/libSwiftUIMacros.dylib\#/Applications/Xcode.app/Contents/Developer/Platforms/iPhoneOS.platform/Developer/usr/bin/swift-plugin-server\#SwiftUIMacros -disable-implicit-swift-modules -Xcc -fno-implicit-modules -Xcc -fno-implicit-module-maps -explicit-swift-module-map-file /Users/getsh/Library/Developer/Xcode/DerivedData/FMS-hfphrwjmssehskdanqytyihnrpwd/Build/Intermediates.noindex/FMS.build/Debug-iphonesimulator/FMS.build/Objects-normal/arm64/FMS-dependencies-1.json -debug-module-path /Users/getsh/Library/Developer/Xcode/DerivedData/FMS-hfphrwjmssehskdanqytyihnrpwd/Build/Intermediates.noindex/FMS.build/Debug-iphonesimulator/FMS.build/Objects-normal/arm64/FMS.swiftmodule -Xllvm -aarch64-use-tbi -enable-objc-interop -sdk /Applications/Xcode.app/Contents/Developer/Platforms/iPhoneSimulator.platform/Developer/SDKs/iPhoneSimulator26.4.sdk -I /Users/getsh/Library/Developer/Xcode/DerivedData/FMS-hfphrwjmssehskdanqytyihnrpwd/Build/Products/Debug-iphonesimulator -F /Users/getsh/Library/Developer/Xcode/DerivedData/FMS-hfphrwjmssehskdanqytyihnrpwd/Build/Products/Debug-iphonesimulator/PackageFrameworks -F /Users/getsh/Library/Developer/Xcode/DerivedData/FMS-hfphrwjmssehskdanqytyihnrpwd/Build/Products/Debug-iphonesimulator/PackageFrameworks -F /Users/getsh/Library/Developer/Xcode/DerivedData/FMS-hfphrwjmssehskdanqytyihnrpwd/Build/Products/Debug-iphonesimulator/PackageFrameworks -F /Users/getsh/Library/Developer/Xcode/DerivedData/FMS-hfphrwjmssehskdanqytyihnrpwd/Build/Products/Debug-iphonesimulator/PackageFrameworks -F /Users/getsh/Library/Developer/Xcode/DerivedData/FMS-hfphrwjmssehskdanqytyihnrpwd/Build/Products/Debug-iphonesimulator/PackageFrameworks -F /Users/getsh/Library/Developer/Xcode/DerivedData/FMS-hfphrwjmssehskdanqytyihnrpwd/Build/Products/Debug-iphonesimulator/PackageFrameworks -F /Users/getsh/Library/Developer/Xcode/DerivedData/FMS-hfphrwjmssehskdanqytyihnrpwd/Build/Products/Debug-iphonesimulator/PackageFrameworks -F /Users/getsh/Library/Developer/Xcode/DerivedData/FMS-hfphrwjmssehskdanqytyihnrpwd/Build/Products/Debug-iphonesimulator/PackageFrameworks -F /Users/getsh/Library/Developer/Xcode/DerivedData/FMS-hfphrwjmssehskdanqytyihnrpwd/Build/Products/Debug-iphonesimulator/PackageFrameworks -F /Users/getsh/Library/Developer/Xcode/DerivedData/FMS-hfphrwjmssehskdanqytyihnrpwd/Build/Products/Debug-iphonesimulator/PackageFrameworks -F /Users/getsh/Library/Developer/Xcode/DerivedData/FMS-hfphrwjmssehskdanqytyihnrpwd/Build/Products/Debug-iphonesimulator/PackageFrameworks -F /Users/getsh/Library/Developer/Xcode/DerivedData/FMS-hfphrwjmssehskdanqytyihnrpwd/Build/Products/Debug-iphonesimulator/PackageFrameworks -F /Users/getsh/Library/Developer/Xcode/DerivedData/FMS-hfphrwjmssehskdanqytyihnrpwd/Build/Products/Debug-iphonesimulator/PackageFrameworks -F /Users/getsh/Library/Developer/Xcode/DerivedData/FMS-hfphrwjmssehskdanqytyihnrpwd/Build/Products/Debug-iphonesimulator/PackageFrameworks -F /Users/getsh/Library/Developer/Xcode/DerivedData/FMS-hfphrwjmssehskdanqytyihnrpwd/Build/Products/Debug-iphonesimulator -no-color-diagnostics -Xcc -fno-color-diagnostics -enable-testing -g -debug-info-format\=dwarf -dwarf-version\=5 -module-cache-path /Users/getsh/Library/Developer/Xcode/DerivedData/FMS-hfphrwjmssehskdanqytyihnrpwd/Build/Intermediates.noindex/SwiftExplicitPrecompiledModules -swift-version 5 -Onone -D DEBUG -serialize-debugging-options -const-gather-protocols-file /Users/getsh/Library/Developer/Xcode/DerivedData/FMS-hfphrwjmssehskdanqytyihnrpwd/Build/Intermediates.noindex/FMS.build/Debug-iphonesimulator/FMS.build/Objects-normal/arm64/FMS_const_extract_protocols.json -enable-upcoming-feature DisableOutwardActorInference -enable-upcoming-feature InferSendableFromCaptures -enable-upcoming-feature GlobalActorIsolatedTypesUsability -enable-upcoming-feature MemberImportVisibility -enable-upcoming-feature InferIsolatedConformances -enable-upcoming-feature NonisolatedNonsendingByDefault -enable-experimental-feature DebugDescriptionMacro -enable-bare-slash-regex -default-isolation\=MainActor -empty-abi-descriptor -validate-clang-modules-once -clang-build-session-file /Users/getsh/Library/Developer/Xcode/DerivedData/ModuleCache.noindex/Session.modulevalidation -Xcc -working-directory -Xcc /Users/getsh/Documents/FMS -enable-anonymous-context-mangled-names -file-compilation-dir /Users/getsh/Documents/FMS -Xcc -D_LIBCPP_HARDENING_MODE\=_LIBCPP_HARDENING_MODE_DEBUG -Xcc -ivfsstatcache -Xcc /Users/getsh/Library/Developer/Xcode/DerivedData/SDKStatCaches.noindex/iphonesimulator26.4-23E252-686eebb5dc1d8ecb277353a59184f4aa.sdkstatcache -Xcc -I/Users/getsh/Library/Developer/Xcode/DerivedData/FMS-hfphrwjmssehskdanqytyihnrpwd/Build/Intermediates.noindex/FMS.build/Debug-iphonesimulator/FMS.build/swift-overrides.hmap -Xcc -iquote -Xcc /Users/getsh/Library/Developer/Xcode/DerivedData/FMS-hfphrwjmssehskdanqytyihnrpwd/Build/Intermediates.noindex/FMS.build/Debug-iphonesimulator/FMS.build/FMS-generated-files.hmap -Xcc -I/Users/getsh/Library/Developer/Xcode/DerivedData/FMS-hfphrwjmssehskdanqytyihnrpwd/Build/Intermediates.noindex/FMS.build/Debug-iphonesimulator/FMS.build/FMS-own-target-headers.hmap -Xcc -I/Users/getsh/Library/Developer/Xcode/DerivedData/FMS-hfphrwjmssehskdanqytyihnrpwd/Build/Intermediates.noindex/FMS.build/Debug-iphonesimulator/FMS.build/FMS-all-non-framework-target-headers.hmap -Xcc -ivfsoverlay -Xcc /Users/getsh/Library/Developer/Xcode/DerivedData/FMS-hfphrwjmssehskdanqytyihnrpwd/Build/Intermediates.noindex/FMS.build/Debug-iphonesimulator/FMS-09ac764f5f6a6aaea0b26801b5883ea5-VFS-iphonesimulator/all-product-headers.yaml -Xcc -iquote -Xcc /Users/getsh/Library/Developer/Xcode/DerivedData/FMS-hfphrwjmssehskdanqytyihnrpwd/Build/Intermediates.noindex/FMS.build/Debug-iphonesimulator/FMS.build/FMS-project-headers.hmap -Xcc -I/Users/getsh/Library/Developer/Xcode/DerivedData/FMS-hfphrwjmssehskdanqytyihnrpwd/Build/Products/Debug-iphonesimulator/include -Xcc -I/Users/getsh/Library/Developer/Xcode/DerivedData/FMS-hfphrwjmssehskdanqytyihnrpwd/Build/Intermediates.noindex/FMS.build/Debug-iphonesimulator/FMS.build/DerivedSources-normal/arm64 -Xcc -I/Users/getsh/Library/Developer/Xcode/DerivedData/FMS-hfphrwjmssehskdanqytyihnrpwd/Build/Intermediates.noindex/FMS.build/Debug-iphonesimulator/FMS.build/DerivedSources/arm64 -Xcc -I/Users/getsh/Library/Developer/Xcode/DerivedData/FMS-hfphrwjmssehskdanqytyihnrpwd/Build/Intermediates.noindex/FMS.build/Debug-iphonesimulator/FMS.build/DerivedSources -Xcc -DDEBUG\=1 -no-auto-bridging-header-chaining -module-name FMS -frontend-parseable-output -disable-clang-spi -clang-target arm64-apple-ios26.4-simulator -target-sdk-version 26.4 -target-sdk-name iphonesimulator26.4 -in-process-plugin-server-path /Applications/Xcode.app/Contents/Developer/Toolchains/XcodeDefault.xctoolchain/usr/lib/swift/host/libSwiftInProcPluginServer.dylib -o /Users/getsh/Library/Developer/Xcode/DerivedData/FMS-hfphrwjmssehskdanqytyihnrpwd/Build/Intermediates.noindex/FMS.build/Debug-iphonesimulator/FMS.build/Objects-normal/arm64/DriverDashboardView.o -index-unit-output-path /FMS.build/Debug-iphonesimulator/FMS.build/Objects-normal/arm64/DriverDashboardView.o -index-store-path /Users/getsh/Library/Developer/Xcode/DerivedData/FMS-hfphrwjmssehskdanqytyihnrpwd/Index.noindex/DataStore -index-system-modules

SwiftCompile normal arm64 /Users/getsh/Documents/FMS/FMS/Views/Driver/DriverDashboardView.swift (in target 'FMS' from project 'FMS')
    cd /Users/getsh/Documents/FMS
    
/Users/getsh/Documents/FMS/FMS/Views/Driver/DriverDashboardView.swift:62:70: error: value of type 'BroadcastInboxView' has no member 'hideTabBarOnPush'
                    NavigationLink(destination: BroadcastInboxView().hideTabBarOnPush()) {
                                                ~~~~~~~~~~~~~~~~~~~~ ^~~~~~~~~~~~~~~~

SwiftCompile normal arm64 Compiling\ NotificationToolbarIcon.swift /Users/getsh/Documents/FMS/FMS/Components/NotificationToolbarIcon.swift (in target 'FMS' from project 'FMS')

SwiftCompile normal arm64 /Users/getsh/Documents/FMS/FMS/Components/NotificationToolbarIcon.swift (in target 'FMS' from project 'FMS')
    cd /Users/getsh/Documents/FMS
    

SwiftExplicitDependencyGeneratePcm x86_64 /Users/getsh/Library/Developer/Xcode/DerivedData/ModuleCache.noindex/Speech-8WZMDHA7RCGJ97CXBL6LC1F2U.pcm

SwiftEmitModule normal x86_64 Emitting\ module\ for\ FMS (in target 'FMS' from project 'FMS')
EmitSwiftModule normal x86_64 (in target 'FMS' from project 'FMS')
    cd /Users/getsh/Documents/FMS
    

SwiftCompile normal x86_64 Compiling\ ProfileSettingsView.swift,\ FMSApp.swift,\ GeneratedAssetSymbols.swift /Users/getsh/Documents/FMS/FMS/Views/Shared/ProfileSettingsView.swift /Users/getsh/Documents/FMS/FMS/FMSApp.swift /Users/getsh/Library/Developer/Xcode/DerivedData/FMS-hfphrwjmssehskdanqytyihnrpwd/Build/Intermediates.noindex/FMS.build/Debug-iphonesimulator/FMS.build/DerivedSources/GeneratedAssetSymbols.swift (in target 'FMS' from project 'FMS')

SwiftCompile normal x86_64 /Users/getsh/Documents/FMS/FMS/Views/Shared/ProfileSettingsView.swift (in target 'FMS' from project 'FMS')
    cd /Users/getsh/Documents/FMS
    

SwiftCompile normal x86_64 /Users/getsh/Documents/FMS/FMS/FMSApp.swift (in target 'FMS' from project 'FMS')
    cd /Users/getsh/Documents/FMS
    

SwiftCompile normal x86_64 /Users/getsh/Library/Developer/Xcode/DerivedData/FMS-hfphrwjmssehskdanqytyihnrpwd/Build/Intermediates.noindex/FMS.build/Debug-iphonesimulator/FMS.build/DerivedSources/GeneratedAssetSymbols.swift (in target 'FMS' from project 'FMS')
    cd /Users/getsh/Documents/FMS
    

SwiftCompile normal x86_64 Compiling\ MainTabView.swift,\ LoginView.swift,\ AssignedRoutesView.swift,\ DriverDashboardView.swift /Users/getsh/Documents/FMS/FMS/Views/App/MainTabView.swift /Users/getsh/Documents/FMS/FMS/Views/Auth/LoginView.swift /Users/getsh/Documents/FMS/FMS/Views/Driver/AssignedRoutesView.swift /Users/getsh/Documents/FMS/FMS/Views/Driver/DriverDashboardView.swift (in target 'FMS' from project 'FMS')

SwiftCompile normal x86_64 /Users/getsh/Documents/FMS/FMS/Views/App/MainTabView.swift (in target 'FMS' from project 'FMS')
    cd /Users/getsh/Documents/FMS
    

SwiftCompile normal x86_64 /Users/getsh/Documents/FMS/FMS/Views/Auth/LoginView.swift (in target 'FMS' from project 'FMS')
    cd /Users/getsh/Documents/FMS
    

SwiftCompile normal x86_64 /Users/getsh/Documents/FMS/FMS/Views/Driver/AssignedRoutesView.swift (in target 'FMS' from project 'FMS')
    cd /Users/getsh/Documents/FMS
    

SwiftCompile normal x86_64 /Users/getsh/Documents/FMS/FMS/Views/Driver/DriverDashboardView.swift (in target 'FMS' from project 'FMS')
    cd /Users/getsh/Documents/FMS
    

SwiftCompile normal x86_64 Compiling\ MaintenanceDashboardView.swift,\ MaintenanceWorkOrdersView.swift,\ PendingVehiclesView.swift /Users/getsh/Documents/FMS/FMS/Views/Maintenance/MaintenanceDashboardView.swift /Users/getsh/Documents/FMS/FMS/Views/Maintenance/MaintenanceWorkOrdersView.swift /Users/getsh/Documents/FMS/FMS/Views/Maintenance/PendingVehiclesView.swift (in target 'FMS' from project 'FMS')

SwiftCompile normal x86_64 /Users/getsh/Documents/FMS/FMS/Views/Maintenance/MaintenanceDashboardView.swift (in target 'FMS' from project 'FMS')
    cd /Users/getsh/Documents/FMS
    

SwiftCompile normal x86_64 /Users/getsh/Documents/FMS/FMS/Views/Maintenance/MaintenanceWorkOrdersView.swift (in target 'FMS' from project 'FMS')
    cd /Users/getsh/Documents/FMS
    

SwiftCompile normal x86_64 /Users/getsh/Documents/FMS/FMS/Views/Maintenance/PendingVehiclesView.swift (in target 'FMS' from project 'FMS')
    cd /Users/getsh/Documents/FMS
    

SwiftCompile normal x86_64 Compiling\ TeamView.swift,\ VehicleManagementView.swift,\ WorkOrderManagementView.swift,\ MaintenanceCalendarView.swift /Users/getsh/Documents/FMS/FMS/Views/FleetManager/TeamView.swift /Users/getsh/Documents/FMS/FMS/Views/FleetManager/VehicleManagementView.swift /Users/getsh/Documents/FMS/FMS/Views/FleetManager/WorkOrderManagementView.swift /Users/getsh/Documents/FMS/FMS/Views/Maintenance/MaintenanceCalendarView.swift (in target 'FMS' from project 'FMS')

SwiftCompile normal x86_64 /Users/getsh/Documents/FMS/FMS/Views/FleetManager/TeamView.swift (in target 'FMS' from project 'FMS')
    cd /Users/getsh/Documents/FMS
    

SwiftCompile normal x86_64 /Users/getsh/Documents/FMS/FMS/Views/FleetManager/VehicleManagementView.swift (in target 'FMS' from project 'FMS')
    cd /Users/getsh/Documents/FMS
    

SwiftCompile normal x86_64 /Users/getsh/Documents/FMS/FMS/Views/FleetManager/WorkOrderManagementView.swift (in target 'FMS' from project 'FMS')
    cd /Users/getsh/Documents/FMS
    

SwiftCompile normal x86_64 /Users/getsh/Documents/FMS/FMS/Views/Maintenance/MaintenanceCalendarView.swift (in target 'FMS' from project 'FMS')
    cd /Users/getsh/Documents/FMS
    

SwiftCompile normal x86_64 Compiling\ AssignDriverTripView.swift,\ DefectReportsListView.swift,\ FleetManagerDashboardView.swift,\ MaintenanceTabContentView.swift /Users/getsh/Documents/FMS/FMS/Views/FleetManager/AssignDriverTripView.swift /Users/getsh/Documents/FMS/FMS/Views/FleetManager/DefectReportsListView.swift /Users/getsh/Documents/FMS/FMS/Views/FleetManager/FleetManagerDashboardView.swift /Users/getsh/Documents/FMS/FMS/Views/FleetManager/MaintenanceTabContentView.swift (in target 'FMS' from project 'FMS')

SwiftCompile normal x86_64 /Users/getsh/Documents/FMS/FMS/Views/FleetManager/AssignDriverTripView.swift (in target 'FMS' from project 'FMS')
    cd /Users/getsh/Documents/FMS
    

SwiftCompile normal x86_64 /Users/getsh/Documents/FMS/FMS/Views/FleetManager/DefectReportsListView.swift (in target 'FMS' from project 'FMS')
    cd /Users/getsh/Documents/FMS
    

SwiftCompile normal x86_64 /Users/getsh/Documents/FMS/FMS/Views/FleetManager/FleetManagerDashboardView.swift (in target 'FMS' from project 'FMS')
    cd /Users/getsh/Documents/FMS
    

SwiftCompile normal x86_64 /Users/getsh/Documents/FMS/FMS/Views/FleetManager/MaintenanceTabContentView.swift (in target 'FMS' from project 'FMS')
    cd /Users/getsh/Documents/FMS
    

SwiftDriverJobDiscovery normal arm64 Compiling NotificationToolbarIcon.swift (in target 'FMS' from project 'FMS')

SwiftCompile normal arm64 Compiling\ FleetManagerDashboardView.swift /Users/getsh/Documents/FMS/FMS/Views/FleetManager/FleetManagerDashboardView.swift (in target 'FMS' from project 'FMS')

** BUILD FAILED **


The following build commands failed:
	SwiftCompile normal arm64 Compiling\ DriverDashboardView.swift /Users/getsh/Documents/FMS/FMS/Views/Driver/DriverDashboardView.swift (in target 'FMS' from project 'FMS')
	SwiftCompile normal arm64 /Users/getsh/Documents/FMS/FMS/Views/Driver/DriverDashboardView.swift (in target 'FMS' from project 'FMS')
	Building project FMS with scheme FMS
(3 failures)
